D:\acmis\AI_4_dingodb\learning-query-optimizer\experiment\venv\Scripts\python.exe D:\acmis\AI_4_dingodb\learning-query-optimizer\experiment\main_distributed.py
{'workload_type': 'mix', 'workload_num': 50, 'concurrency': 4, 'timeout': 180}
start execute job, concurrency: 4 total: 50 workloads start time: 2025-03-30 20:37:12
sever start time: 1743338233
查询执行时间：139.1219 seconds
查询执行时间：139.7212 seconds
查询执行时间：139.9065 seconds
查询执行时间：140.0502 seconds
查询执行时间：143.3816 seconds
查询执行时间：145.7203 seconds
查询执行时间：146.2797 seconds
查询执行时间：147.1399 seconds
查询执行时间：141.1518 seconds
查询执行时间：139.1449 seconds
查询执行时间：139.6701 seconds
查询执行时间：139.0825 seconds
查询执行时间：166.6005 seconds
查询执行时间：167.6341 seconds
查询执行时间：173.3459 seconds
查询执行时间：172.6456 seconds
timeout
timeout
timeout
timeout


metrics_成功率: 0.32
metrics_失败率: 0.68
metrics_查询执行时间平均值: 148.7873 seconds
metrics_QPS: 0.0067 
