D:\acmis\AI_4_dingodb\learning-query-optimizer\experiment\venv\Scripts\python.exe D:\acmis\AI_4_dingodb\learning-query-optimizer\experiment\dingo\main_enhance.py
{'workload_type': 'mix', 'workload_num': 50, 'concurrency': 6, 'timeout': 180}
start execute queries, concurrency: 6 total: 50 workloads start time: 2025-02-14 07:51:16
sever start time: 1739490676
查询执行时间：58.1516 seconds
查询执行时间：61.8863 seconds
查询执行时间：62.6057 seconds
查询执行时间：63.4937 seconds
查询执行时间：64.2722 seconds
查询执行时间：68.4952 seconds
查询执行时间：78.1277 seconds
查询执行时间：77.0605 seconds
查询执行时间：71.2047 seconds
查询执行时间：77.6277 seconds
查询执行时间：81.7274 seconds
查询执行时间：81.8141 seconds
查询执行时间：65.2498 seconds
timeout
timeout
timeout
timeout
timeout
timeout
timeout
timeout
timeout
timeout
timeout
timeout
timeout
timeout
timeout
timeout
timeout
timeout
timeout
timeout
timeout
timeout
timeout
timeout
timeout
timeout
timeout
timeout
timeout
timeout
timeout
timeout
timeout
timeout
timeout
timeout
timeout
成功率：0.2600
超时率：0.7400
total_queries: 13
平均查询延迟：70.1321 seconds
QPS：0.0143 queries/second
平均等待时间：40.3244 seconds
sever end time: 1739492072

restart system and database ....
{'host': '172.19.101.152', 'port': '22', 'user': 'zqcc', 'password': '32194878'}
{'host': '172.19.101.152', 'port': '8022', 'user': 'root', 'password': '123456', 'cpu': 24, 'memory': '32g', 'swap': -1}
container is restart: dingodb_enhance

container resource limit: dingodb_enhance

The redundant files in the system have been deleted:
Restart completed!!!

Process finished with exit code 0


metrics_成功率: 0.26
metrics_失败率: 0.74
metrics_查询执行时间平均值: 70.132 seconds
metrics_QPS: 0.0143 
