D:\acmis\AI_4_dingodb\learning-query-optimizer\experiment\venv\Scripts\python.exe D:\acmis\AI_4_dingodb\learning-query-optimizer\experiment\dingo\main_enhance.py
{'workload_type': 'mix', 'workload_num': 50, 'concurrency': 1, 'timeout': 180}
start execute queries, concurrency: 1 total: 50 workloads start time: 2025-02-14 01:31:34
sever start time: 1739467894
查询执行时间：37.4283 seconds
查询执行时间：37.9629 seconds
查询执行时间：38.0870 seconds
查询执行时间：37.9606 seconds
查询执行时间：38.0510 seconds
查询执行时间：37.9911 seconds
查询执行时间：37.7328 seconds
查询执行时间：37.6429 seconds
查询执行时间：38.4036 seconds
查询执行时间：40.2926 seconds
查询执行时间：36.2386 seconds
查询执行时间：36.1748 seconds
查询执行时间：35.9986 seconds
查询执行时间：36.3036 seconds
查询执行时间：36.7830 seconds
查询执行时间：36.5979 seconds
查询执行时间：36.9319 seconds
查询执行时间：37.3185 seconds
timeout
timeout
timeout
timeout
timeout
timeout
timeout
timeout
timeout
timeout
timeout
timeout
timeout
timeout
timeout
timeout
timeout
timeout
timeout
timeout
timeout
timeout
timeout
timeout
timeout
timeout
timeout
timeout
timeout
timeout
timeout
timeout
成功率：0.3600
超时率：0.6400
total_queries: 18
平均查询延迟：37.4389 seconds
QPS：0.0267 queries/second
平均等待时间：320.7184 seconds
sever end time: 1739474328

restart system and database ....
{'host': '172.19.101.152', 'port': '22', 'user': 'zqcc', 'password': '32194878'}
{'host': '172.19.101.152', 'port': '8022', 'user': 'root', 'password': '123456', 'cpu': 24, 'memory': '32g', 'swap': -1}
container is restart: dingodb_enhance

container resource limit: dingodb_enhance

The redundant files in the system have been deleted:
Restart completed!!!

Process finished with exit code 0


metrics_成功率: 0.36
metrics_失败率: 0.64
metrics_查询执行时间平均值: 37.4389 seconds
metrics_QPS: 0.0267 
