D:\acmis\AI_4_dingodb\learning-query-optimizer\experiment\venv\Scripts\python.exe D:\acmis\AI_4_dingodb\learning-query-optimizer\experiment\dingo\main_enhance.py
{'workload_type': 'mix', 'workload_num': 50, 'concurrency': 4, 'timeout': 180}
start execute queries, concurrency: 4 total: 50 workloads start time: 2025-02-14 03:34:36
sever start time: 1739475276
查询执行时间：48.5981 seconds
查询执行时间：49.2210 seconds
查询执行时间：52.7355 seconds
查询执行时间：57.1552 seconds
查询执行时间：56.8684 seconds
查询执行时间：58.5478 seconds
查询执行时间：61.0898 seconds
查询执行时间：58.5286 seconds
查询执行时间：60.7123 seconds
查询执行时间：65.1979 seconds
查询执行时间：59.7246 seconds
查询执行时间：57.9467 seconds
查询执行时间：48.8603 seconds
查询执行时间：47.3363 seconds
查询执行时间：51.8506 seconds
查询执行时间：49.5441 seconds
查询执行时间：54.6436 seconds
timeout
timeout
timeout
timeout
timeout
timeout
timeout
timeout
timeout
timeout
timeout
timeout
timeout
timeout
timeout
timeout
timeout
timeout
timeout
timeout
timeout
timeout
timeout
timeout
timeout
timeout
timeout
timeout
timeout
timeout
timeout
timeout
timeout
成功率：0.3400
超时率：0.6600
total_queries: 17
平均查询延迟：55.2095 seconds
QPS：0.0181 queries/second
平均等待时间：91.7635 seconds
sever end time: 1739477114

restart system and database ....
{'host': '172.19.101.152', 'port': '22', 'user': 'zqcc', 'password': '32194878'}
{'host': '172.19.101.152', 'port': '8022', 'user': 'root', 'password': '123456', 'cpu': 24, 'memory': '32g', 'swap': -1}
container is restart: dingodb_enhance

container resource limit: dingodb_enhance

The redundant files in the system have been deleted:
Restart completed!!!

Process finished with exit code 0


metrics_成功率: 0.34
metrics_失败率: 0.66
metrics_查询执行时间平均值: 55.2095 seconds
metrics_QPS: 0.0181 
