D:\acmis\AI_4_dingodb\learning-query-optimizer\experiment\venv\Scripts\python.exe D:\acmis\AI_4_dingodb\learning-query-optimizer\experiment\dingo\main.py
{'workload_type': 'mix', 'workload_num': 50, 'concurrency': 8, 'timeout': 180}
start execute queries, concurrency: 8 total: 50 workloads start time: 2025-01-25 14:09:17
sever start time: 1737785357
查询执行时间：120.4378 seconds
查询执行时间：123.1718 seconds
查询执行时间：127.2568 seconds
查询执行时间：128.8772 seconds
查询执行时间：129.7034 seconds
查询执行时间：132.3227 seconds
查询执行时间：135.3504 seconds
timeout
查询执行时间：120.2766 seconds
查询执行时间：132.1188 seconds
查询执行时间：139.0533 seconds
查询执行时间：136.5429 seconds
查询执行时间：132.6530 seconds
timeout
timeout
timeout
查询执行时间：122.6296 seconds
查询执行时间：135.3170 seconds
查询执行时间：131.1573 seconds
查询执行时间：137.3545 seconds
timeout
查询执行时间：136.8080 seconds
查询执行时间：135.9950 seconds
查询执行时间：129.1403 seconds
查询执行时间：126.6905 seconds
查询执行时间：135.6058 seconds
timeout
查询执行时间：124.3193 seconds
timeout
查询执行时间：137.6770 seconds
timeout
查询执行时间：138.7650 seconds
查询执行时间：137.6589 seconds
查询执行时间：145.0749 seconds
timeout
timeout
timeout
timeout
timeout
查询执行时间：145.9000 seconds
timeout
timeout
timeout
查询执行时间：164.7411 seconds
查询执行时间：165.5833 seconds
timeout
查询执行时间：162.0825 seconds
查询执行时间：166.1943 seconds
查询执行时间：157.5340 seconds
查询执行时间：147.5274 seconds
成功率：0.6600
超时率：0.3400
total_queries: 33
平均查询延迟：137.6218 seconds
QPS：0.0073 queries/second
平均等待时间：344.6358 seconds
sever end time: 1737786356
CPU使用率：81.04259259262577 %
内存使用量：1897.42578125 Mb

restart system and database ....
{'host': '172.19.101.152', 'port': '22', 'user': 'zqcc', 'password': '32194878'}
{'host': '172.19.101.152', 'port': '9022', 'user': 'root', 'password': '123456'}
master result: dingodb_native

container result step1:
重启完毕

Process finished with exit code 0
