D:\acmis\AI_4_dingodb\learning-query-optimizer\experiment\venv\Scripts\python.exe D:\acmis\AI_4_dingodb\learning-query-optimizer\experiment\dingo\main.py
{'workload_type': 'mix', 'workload_num': 50, 'concurrency': 10, 'timeout': 180}
start execute queries, concurrency: 10 total: 50 workloads start time: 2025-01-25 14:35:21
sever start time: 1737786921
timeout
timeout
timeout
timeout
timeout
timeout
timeout
timeout
timeout
timeout
timeout
timeout
timeout
timeout
timeout
timeout
timeout
timeout
timeout
timeout
timeout
timeout
timeout
timeout
timeout
timeout
timeout
timeout
timeout
timeout
timeout
timeout
timeout
timeout
timeout
timeout
timeout
timeout
timeout
timeout
Traceback (most recent call last):
  File "D:\acmis\AI_4_dingodb\learning-query-optimizer\experiment\dingo\main.py", line 52, in <module>
    main()
  File "D:\acmis\AI_4_dingodb\learning-query-optimizer\experiment\dingo\main.py", line 20, in main
    dml.select_workload(config, args)
  File "D:\acmis\AI_4_dingodb\learning-query-optimizer\experiment\dingo\dml.py", line 239, in select_workload
    asyncio.run(parallel(config, args))
  File "D:\Program Files\Python312\Lib\asyncio\runners.py", line 194, in run
    return runner.run(main)
           ^^^^^^^^^^^^^^^^
  File "D:\Program Files\Python312\Lib\asyncio\runners.py", line 118, in run
    return self._loop.run_until_complete(task)
           ^^^^^^^^^^^^^^^^^^^^^^^^^^^^^^^^^^^
  File "D:\Program Files\Python312\Lib\asyncio\base_events.py", line 664, in run_until_complete
    return future.result()
           ^^^^^^^^^^^^^^^
  File "D:\acmis\AI_4_dingodb\learning-query-optimizer\experiment\dingo\dml.py", line 226, in parallel
    calculate_metrics(results, task_start_time, timeout)
  File "D:\acmis\AI_4_dingodb\learning-query-optimizer\experiment\dingo\dml.py", line 153, in calculate_metrics
    average_elapsed_time = sum(elapsed_times) / len(elapsed_times)
                           ~~~~~~~~~~~~~~~~~~~^~~~~~~~~~~~~~~~~~~~
ZeroDivisionError: division by zero
timeout
timeout
timeout
timeout
timeout
timeout
timeout
timeout
timeout
timeout
成功率：0.0000
超时率：1.0000

Process finished with exit code 1
