D:\acmis\AI_4_dingodb\learning-query-optimizer\experiment\venv\Scripts\python.exe D:\acmis\AI_4_dingodb\learning-query-optimizer\experiment\dingo\main.py
{'workload_type': 'mix', 'workload_num': 50, 'concurrency': 1, 'timeout': 180}
start execute queries, concurrency: 1 total: 50 workloads start time: 2025-01-24 23:28:32
sever start time: 1737732512
查询执行时间：60.0458 seconds
查询执行时间：58.2991 seconds
查询执行时间：58.8803 seconds
查询执行时间：58.5704 seconds
查询执行时间：59.0257 seconds
查询执行时间：58.5115 seconds
查询执行时间：68.0046 seconds
查询执行时间：57.9736 seconds
查询执行时间：58.3746 seconds
查询执行时间：58.5717 seconds
查询执行时间：58.0798 seconds
查询执行时间：64.4444 seconds
查询执行时间：63.5860 seconds
查询执行时间：57.3271 seconds
查询执行时间：58.8198 seconds
查询执行时间：64.3233 seconds
查询执行时间：57.4004 seconds
查询执行时间：58.8954 seconds
查询执行时间：140.4946 seconds
查询执行时间：58.1809 seconds
查询执行时间：58.2386 seconds
查询执行时间：58.3406 seconds
查询执行时间：58.2737 seconds
查询执行时间：64.6268 seconds
查询执行时间：57.3867 seconds
查询执行时间：58.0151 seconds
查询执行时间：58.1363 seconds
查询执行时间：129.8388 seconds
查询执行时间：57.3867 seconds
查询执行时间：58.1721 seconds
查询执行时间：64.6385 seconds
查询执行时间：57.4275 seconds
查询执行时间：58.7702 seconds
查询执行时间：58.3389 seconds
查询执行时间：131.0531 seconds
查询执行时间：129.5234 seconds
查询执行时间：129.2006 seconds
查询执行时间：129.4482 seconds
查询执行时间：129.8088 seconds
查询执行时间：138.8499 seconds
查询执行时间：57.7284 seconds
查询执行时间：66.0031 seconds
查询执行时间：128.7676 seconds
查询执行时间：57.4983 seconds
查询执行时间：58.8532 seconds
查询执行时间：63.7231 seconds
查询执行时间：57.2197 seconds
查询执行时间：58.3551 seconds
查询执行时间：58.5656 seconds
查询执行时间：58.7444 seconds
成功率：1.0000
超时率：0.0000
total_queries: 50
平均查询延迟：72.5748 seconds
QPS：0.0138 queries/second
平均等待时间：1659.2438 seconds
sever end time: 1737736141
CPU使用率：28.9201549073951 %
内存使用量：1407.681640625 Mb

restart system and database ....
{'host': '172.19.101.152', 'port': '22', 'user': 'zqcc', 'password': '32194878'}
{'host': '172.19.101.152', 'port': '9022', 'user': 'root', 'password': '123456'}
master result: dingodb_native

container result step1:
重启完毕

Process finished with exit code 0
