D:\acmis\AI_4_dingodb\learning-query-optimizer\experiment\venv\Scripts\python.exe D:\acmis\AI_4_dingodb\learning-query-optimizer\experiment\dingo\main_enhance.py
{'workload_type': 'long', 'workload_num': 50, 'concurrency': 4, 'timeout': 180}
start execute queries, concurrency: 4 total: 50 workloads start time: 2025-01-23 22:28:24
sever start time: 1737642504
查询执行时间：22.2900 seconds
查询执行时间：22.2910 seconds
查询执行时间：22.2920 seconds
查询执行时间：22.7688 seconds
查询执行时间：26.8011 seconds
查询执行时间：27.2375 seconds
查询执行时间：26.9844 seconds
查询执行时间：27.4662 seconds
查询执行时间：26.6828 seconds
查询执行时间：27.6834 seconds
查询执行时间：28.7591 seconds
查询执行时间：29.7439 seconds
查询执行时间：27.7582 seconds
查询执行时间：28.4696 seconds
查询执行时间：28.4356 seconds
查询执行时间：27.7494 seconds
查询执行时间：28.0913 seconds
查询执行时间：28.3705 seconds
查询执行时间：28.2390 seconds
查询执行时间：28.4107 seconds
查询执行时间：28.3857 seconds
查询执行时间：28.4765 seconds
查询执行时间：28.1079 seconds
查询执行时间：28.2821 seconds
查询执行时间：28.3011 seconds
查询执行时间：28.0041 seconds
查询执行时间：26.9609 seconds
查询执行时间：28.0260 seconds
查询执行时间：28.6231 seconds
查询执行时间：27.3956 seconds
查询执行时间：27.8693 seconds
查询执行时间：28.8994 seconds
查询执行时间：27.3534 seconds
查询执行时间：27.6310 seconds
查询执行时间：30.1896 seconds
查询执行时间：27.7068 seconds
查询执行时间：27.5881 seconds
查询执行时间：28.7544 seconds
查询执行时间：27.6946 seconds
查询执行时间：27.7294 seconds
查询执行时间：27.5812 seconds
查询执行时间：28.6683 seconds
查询执行时间：28.3819 seconds
查询执行时间：29.1942 seconds
查询执行时间：28.0668 seconds
查询执行时间：27.2972 seconds
查询执行时间：29.7818 seconds
查询执行时间：27.9182 seconds
查询执行时间：22.8117 seconds
查询执行时间：22.6058 seconds
成功率：1.0000
超时率：0.0000
total_queries: 50
平均查询延迟(包含查询失败)：27.4162 seconds
总QPS(包含查询失败)：0.0365 queries/second
平均等待时间(包含查询失败)：156.0386 seconds
sever end time: 1737642858
CPU使用率：43.57131680553255 %
内存使用量：687.13671875 Mb

restart system and database ....
{'host': '172.19.101.152', 'port': '22', 'user': 'zqcc', 'password': '32194878'}
{'host': '172.19.101.152', 'port': '8022', 'user': 'root', 'password': '123456'}
