D:\acmis\AI_4_dingodb\learning-query-optimizer\experiment\venv\Scripts\python.exe D:\acmis\AI_4_dingodb\learning-query-optimizer\experiment\dingo\main_enhance.py
{'workload_type': 'long', 'workload_num': 50, 'concurrency': 8, 'timeout': 180}
start execute queries, concurrency: 8 total: 50 workloads start time: 2025-01-23 23:30:36
sever start time: 1737646237
查询执行时间：35.2692 seconds
查询执行时间：35.2712 seconds
查询执行时间：35.7411 seconds
查询执行时间：35.8799 seconds
查询执行时间：36.3199 seconds
查询执行时间：36.4899 seconds
查询执行时间：36.5835 seconds
查询执行时间：37.0717 seconds
查询执行时间：38.2596 seconds
查询执行时间：41.7822 seconds
查询执行时间：42.3503 seconds
查询执行时间：42.0121 seconds
查询执行时间：44.2808 seconds
查询执行时间：46.0307 seconds
查询执行时间：52.3576 seconds
查询执行时间：54.3638 seconds
查询执行时间：38.2447 seconds
查询执行时间：42.8546 seconds
查询执行时间：42.6717 seconds
查询执行时间：47.0421 seconds
查询执行时间：51.6703 seconds
查询执行时间：41.3937 seconds
查询执行时间：50.6994 seconds
查询执行时间：47.4313 seconds
查询执行时间：39.4125 seconds
查询执行时间：39.8989 seconds
查询执行时间：37.1669 seconds
查询执行时间：50.0891 seconds
查询执行时间：49.0854 seconds
查询执行时间：42.9746 seconds
查询执行时间：53.5871 seconds
查询执行时间：51.7261 seconds
查询执行时间：42.8953 seconds
查询执行时间：40.2694 seconds
查询执行时间：43.6313 seconds
查询执行时间：45.3489 seconds
查询执行时间：43.1290 seconds
查询执行时间：41.0700 seconds
查询执行时间：44.7876 seconds
查询执行时间：53.0626 seconds
查询执行时间：44.6120 seconds
查询执行时间：40.7652 seconds
查询执行时间：46.4759 seconds
查询执行时间：40.7894 seconds
查询执行时间：44.4015 seconds
查询执行时间：46.2097 seconds
查询执行时间：37.8475 seconds
查询执行时间：41.4466 seconds
查询执行时间：37.2739 seconds
查询执行时间：32.7704 seconds
成功率：1.0000
超时率：0.0000
total_queries: 50
平均查询延迟(包含查询失败)：42.8560 seconds
总QPS(包含查询失败)：0.0233 queries/second
平均等待时间(包含查询失败)：110.9990 seconds
sever end time: 1737646519
CPU使用率：62.35462962960743 %
内存使用量：683.619140625 Mb

restart system and database ....
{'host': '172.19.101.152', 'port': '22', 'user': 'zqcc', 'password': '32194878'}
{'host': '172.19.101.152', 'port': '8022', 'user': 'root', 'password': '123456'}
