D:\acmis\AI_4_dingodb\learning-query-optimizer\experiment\venv\Scripts\python.exe D:\acmis\AI_4_dingodb\learning-query-optimizer\experiment\dingo\main_enhance.py
{'workload_type': 'middle', 'workload_num': 50, 'concurrency': 4, 'timeout': 180}
start execute queries, concurrency: 4 total: 50 workloads start time: 2025-01-23 20:58:37
sever start time: 1737637117
查询执行时间：21.4398 seconds
查询执行时间：21.4398 seconds
查询执行时间：21.4408 seconds
查询执行时间：21.6811 seconds
查询执行时间：25.5454 seconds
查询执行时间：25.8473 seconds
查询执行时间：26.3861 seconds
查询执行时间：26.1508 seconds
查询执行时间：26.1518 seconds
查询执行时间：26.6973 seconds
查询执行时间：27.3694 seconds
查询执行时间：29.6136 seconds
查询执行时间：27.4881 seconds
查询执行时间：27.9974 seconds
查询执行时间：28.1316 seconds
查询执行时间：28.0469 seconds
查询执行时间：28.8190 seconds
查询执行时间：27.2245 seconds
查询执行时间：28.6781 seconds
查询执行时间：27.4202 seconds
查询执行时间：27.4626 seconds
查询执行时间：27.5675 seconds
查询执行时间：27.0559 seconds
查询执行时间：27.9948 seconds
查询执行时间：28.0000 seconds
查询执行时间：28.3978 seconds
查询执行时间：27.9332 seconds
查询执行时间：28.3398 seconds
查询执行时间：27.9435 seconds
查询执行时间：27.7173 seconds
查询执行时间：27.8867 seconds
查询执行时间：28.4159 seconds
查询执行时间：27.4690 seconds
查询执行时间：28.2739 seconds
查询执行时间：27.4483 seconds
查询执行时间：28.0473 seconds
查询执行时间：27.0185 seconds
查询执行时间：26.4998 seconds
查询执行时间：29.0132 seconds
查询执行时间：27.9024 seconds
查询执行时间：27.7973 seconds
查询执行时间：28.1017 seconds
查询执行时间：28.5454 seconds
查询执行时间：28.1663 seconds
查询执行时间：28.0043 seconds
查询执行时间：26.2096 seconds
查询执行时间：29.4901 seconds
查询执行时间：28.2962 seconds
查询执行时间：23.2251 seconds
查询执行时间：24.0519 seconds
成功率：1.0000
超时率：0.0000
total_queries: 50
平均查询延迟(包含查询失败)：27.0369 seconds
总QPS(包含查询失败)：0.0370 queries/second
平均等待时间(包含查询失败)：152.7991 seconds
sever end time: 1737637466
CPU使用率：52.09663851850953 %
内存使用量：506.6640625 Mb

restart system and database ....
{'host': '172.19.101.152', 'port': '22', 'user': 'zqcc', 'password': '32194878'}
{'host': '172.19.101.152', 'port': '8022', 'user': 'root', 'password': '123456'}
master result: dingodb_enhance

container result step1:
重启完毕

Process finished with exit code 0
