D:\acmis\AI_4_dingodb\learning-query-optimizer\experiment\venv\Scripts\python.exe D:\acmis\AI_4_dingodb\learning-query-optimizer\experiment\dingo\main_enhance.py
{'workload_type': 'long', 'workload_num': 50, 'concurrency': 2, 'timeout': 180}
start execute queries, concurrency: 2 total: 50 workloads start time: 2025-01-23 22:18:52
sever start time: 1737641932
查询执行时间：18.8685 seconds
查询执行时间：19.3575 seconds
查询执行时间：18.9295 seconds
查询执行时间：18.7708 seconds
查询执行时间：20.6941 seconds
查询执行时间：20.6322 seconds
查询执行时间：20.6307 seconds
查询执行时间：21.0217 seconds
查询执行时间：20.7617 seconds
查询执行时间：21.0758 seconds
查询执行时间：20.8136 seconds
查询执行时间：20.9767 seconds
查询执行时间：21.2450 seconds
查询执行时间：20.9349 seconds
查询执行时间：20.8943 seconds
查询执行时间：21.1102 seconds
查询执行时间：20.5419 seconds
查询执行时间：20.4532 seconds
查询执行时间：21.0238 seconds
查询执行时间：21.1278 seconds
查询执行时间：20.7533 seconds
查询执行时间：20.8003 seconds
查询执行时间：21.0907 seconds
查询执行时间：21.1552 seconds
查询执行时间：20.5844 seconds
查询执行时间：20.6622 seconds
查询执行时间：21.1608 seconds
查询执行时间：21.9466 seconds
查询执行时间：21.6369 seconds
查询执行时间：20.3789 seconds
查询执行时间：20.5061 seconds
查询执行时间：20.6938 seconds
查询执行时间：20.4920 seconds
查询执行时间：21.3119 seconds
查询执行时间：20.9107 seconds
查询执行时间：21.3714 seconds
查询执行时间：20.6979 seconds
查询执行时间：21.3296 seconds
查询执行时间：20.3455 seconds
查询执行时间：20.2749 seconds
查询执行时间：21.6308 seconds
查询执行时间：21.2056 seconds
查询执行时间：20.7819 seconds
查询执行时间：21.1572 seconds
查询执行时间：20.1928 seconds
查询执行时间：20.2817 seconds
查询执行时间：20.9051 seconds
查询执行时间：21.3579 seconds
查询执行时间：20.8076 seconds
查询执行时间：20.8461 seconds
成功率：1.0000
超时率：0.0000
total_queries: 50
平均查询延迟(包含查询失败)：20.7427 seconds
总QPS(包含查询失败)：0.0482 queries/second
平均等待时间(包含查询失败)：247.1572 seconds
sever end time: 1737642451
CPU使用率：20.91759259257404 %
内存使用量：556.55859375 Mb

restart system and database ....
{'host': '172.19.101.152', 'port': '22', 'user': 'zqcc', 'password': '32194878'}
{'host': '172.19.101.152', 'port': '8022', 'user': 'root', 'password': '123456'}
master result: dingodb_enhance

