D:\acmis\AI_4_dingodb\learning-query-optimizer\experiment\venv\Scripts\python.exe D:\acmis\AI_4_dingodb\learning-query-optimizer\experiment\dingo\main_enhance.py
{'workload_type': 'middle', 'workload_num': 50, 'concurrency': 8, 'timeout': 180}
start execute queries, concurrency: 8 total: 50 workloads start time: 2025-01-23 23:56:00
sever start time: 1737647760
查询执行时间：33.8530 seconds
查询执行时间：34.7664 seconds
查询执行时间：35.0894 seconds
查询执行时间：36.2342 seconds
查询执行时间：36.2342 seconds
查询执行时间：36.4296 seconds
查询执行时间：36.6337 seconds
查询执行时间：36.8792 seconds
查询执行时间：37.6724 seconds
查询执行时间：40.5272 seconds
查询执行时间：38.4492 seconds
查询执行时间：43.8366 seconds
查询执行时间：45.0787 seconds
查询执行时间：48.7375 seconds
查询执行时间：47.0063 seconds
查询执行时间：49.8464 seconds
查询执行时间：31.4951 seconds
查询执行时间：37.6682 seconds
查询执行时间：44.8196 seconds
查询执行时间：44.8721 seconds
查询执行时间：43.1469 seconds
查询执行时间：43.1132 seconds
查询执行时间：54.3319 seconds
查询执行时间：41.9705 seconds
查询执行时间：31.8416 seconds
查询执行时间：40.3804 seconds
查询执行时间：41.8986 seconds
查询执行时间：48.8734 seconds
查询执行时间：47.5593 seconds
查询执行时间：45.9065 seconds
查询执行时间：42.6128 seconds
查询执行时间：44.7103 seconds
查询执行时间：37.2209 seconds
查询执行时间：33.4933 seconds
查询执行时间：42.7275 seconds
查询执行时间：47.1118 seconds
查询执行时间：48.6332 seconds
查询执行时间：49.1984 seconds
查询执行时间：46.1896 seconds
查询执行时间：47.2595 seconds
查询执行时间：40.9335 seconds
查询执行时间：61.0974 seconds
查询执行时间：55.5158 seconds
查询执行时间：58.8378 seconds
查询执行时间：49.7176 seconds
查询执行时间：59.1809 seconds
查询执行时间：61.9367 seconds
查询执行时间：54.5634 seconds
查询执行时间：38.9823 seconds
查询执行时间：22.8806 seconds
成功率：1.0000
超时率：0.0000
total_queries: 50
平均查询延迟(包含查询失败)：43.5591 seconds
总QPS(包含查询失败)：0.0230 queries/second
平均等待时间(包含查询失败)：108.1239 seconds
sever end time: 1737648045
CPU使用率：65.2125057407434 %
内存使用量：1737.85546875 Mb

restart system and database ....
{'host': '172.19.101.152', 'port': '22', 'user': 'zqcc', 'password': '32194878'}
{'host': '172.19.101.152', 'port': '8022', 'user': 'root', 'password': '123456'}
