D:\acmis\AI_4_dingodb\learning-query-optimizer\experiment\venv\Scripts\python.exe D:\acmis\AI_4_dingodb\learning-query-optimizer\experiment\dingo\main_enhance.py
{'workload_type': 'mix', 'workload_num': 50, 'concurrency': 1, 'timeout': 180}
start execute queries, concurrency: 1 total: 50 workloads start time: 2025-01-24 00:02:06
sever start time: 1737648126
查询执行时间：18.3904 seconds
查询执行时间：17.7738 seconds
查询执行时间：18.2120 seconds
查询执行时间：18.0964 seconds
查询执行时间：18.1960 seconds
查询执行时间：18.1110 seconds
查询执行时间：18.3413 seconds
查询执行时间：18.1045 seconds
查询执行时间：18.2778 seconds
查询执行时间：18.0641 seconds
查询执行时间：18.0506 seconds
查询执行时间：18.3726 seconds
查询执行时间：18.2331 seconds
查询执行时间：18.0697 seconds
查询执行时间：18.2016 seconds
查询执行时间：18.2507 seconds
查询执行时间：18.0442 seconds
查询执行时间：18.1433 seconds
查询执行时间：18.2949 seconds
查询执行时间：18.0970 seconds
查询执行时间：18.8068 seconds
查询执行时间：18.2121 seconds
查询执行时间：18.2064 seconds
查询执行时间：18.8095 seconds
查询执行时间：18.0692 seconds
查询执行时间：18.2073 seconds
查询执行时间：18.0669 seconds
查询执行时间：18.3743 seconds
查询执行时间：18.0165 seconds
查询执行时间：18.1730 seconds
查询执行时间：18.4205 seconds
查询执行时间：18.0816 seconds
查询执行时间：18.1596 seconds
查询执行时间：18.1843 seconds
查询执行时间：18.1826 seconds
查询执行时间：18.1214 seconds
查询执行时间：18.3348 seconds
查询执行时间：18.2790 seconds
查询执行时间：18.2110 seconds
查询执行时间：18.0846 seconds
查询执行时间：18.2844 seconds
查询执行时间：18.0938 seconds
查询执行时间：18.3208 seconds
查询执行时间：18.1580 seconds
查询执行时间：18.2551 seconds
查询执行时间：18.4265 seconds
查询执行时间：18.0320 seconds
查询执行时间：18.3981 seconds
查询执行时间：18.2066 seconds
查询执行时间：18.0566 seconds
成功率：1.0000
超时率：0.0000
total_queries: 50
平均查询延迟(包含查询失败)：18.2112 seconds
总QPS(包含查询失败)：0.0549 queries/second
平均等待时间(包含查询失败)：445.9528 seconds
sever end time: 1737649037
CPU使用率：55.28711999997787 %
内存使用量：426.31640625 Mb

restart system and database ....
{'host': '172.19.101.152', 'port': '22', 'user': 'zqcc', 'password': '32194878'}
{'host': '172.19.101.152', 'port': '8022', 'user': 'root', 'password': '123456'}
