D:\acmis\AI_4_dingodb\learning-query-optimizer\experiment\venv\Scripts\python.exe D:\acmis\AI_4_dingodb\learning-query-optimizer\experiment\dingo\main_enhance.py
{'workload_type': 'mix', 'workload_num': 50, 'concurrency': 4, 'timeout': 180}
start execute queries, concurrency: 4 total: 50 workloads start time: 2025-01-24 00:40:17
sever start time: 1737650417
查询执行时间：21.5070 seconds
查询执行时间：21.5060 seconds
查询执行时间：21.5070 seconds
查询执行时间：21.5080 seconds
查询执行时间：25.7579 seconds
查询执行时间：25.9652 seconds
查询执行时间：26.1705 seconds
查询执行时间：27.0064 seconds
查询执行时间：26.8455 seconds
查询执行时间：28.0654 seconds
查询执行时间：28.7490 seconds
查询执行时间：31.1747 seconds
查询执行时间：27.3644 seconds
查询执行时间：27.9215 seconds
查询执行时间：27.5689 seconds
查询执行时间：29.3641 seconds
查询执行时间：28.0871 seconds
查询执行时间：28.3485 seconds
查询执行时间：27.7872 seconds
查询执行时间：27.3813 seconds
查询执行时间：28.4501 seconds
查询执行时间：27.7620 seconds
查询执行时间：29.3980 seconds
查询执行时间：28.1493 seconds
查询执行时间：27.8569 seconds
查询执行时间：27.3131 seconds
查询执行时间：29.1335 seconds
查询执行时间：28.3947 seconds
查询执行时间：27.4593 seconds
查询执行时间：27.4536 seconds
查询执行时间：29.1210 seconds
查询执行时间：27.8270 seconds
查询执行时间：28.0016 seconds
查询执行时间：28.0682 seconds
查询执行时间：27.2790 seconds
查询执行时间：28.9695 seconds
查询执行时间：28.7729 seconds
查询执行时间：28.1716 seconds
查询执行时间：27.5746 seconds
查询执行时间：29.1677 seconds
查询执行时间：27.8084 seconds
查询执行时间：27.3969 seconds
查询执行时间：26.8455 seconds
查询执行时间：29.3427 seconds
查询执行时间：27.5172 seconds
查询执行时间：29.1684 seconds
查询执行时间：27.7232 seconds
查询执行时间：28.8450 seconds
查询执行时间：25.0302 seconds
查询执行时间：24.0517 seconds
成功率：1.0000
超时率：0.0000
total_queries: 50
平均查询延迟(包含查询失败)：27.3528 seconds
总QPS(包含查询失败)：0.0366 queries/second
平均等待时间(包含查询失败)：154.6140 seconds
sever end time: 1737650769
CPU使用率：44.457091759252904 %
内存使用量：1380.578125 Mb

restart system and database ....
{'host': '172.19.101.152', 'port': '22', 'user': 'zqcc', 'password': '32194878'}
{'host': '172.19.101.152', 'port': '8022', 'user': 'root', 'password': '123456'}
