D:\acmis\AI_4_dingodb\learning-query-optimizer\experiment\venv\Scripts\python.exe D:\acmis\AI_4_dingodb\learning-query-optimizer\experiment\dingo\main_enhance.py
{'workload_type': 'short', 'workload_num': 50, 'concurrency': 8, 'timeout': 180}
start execute queries, concurrency: 8 total: 50 workloads start time: 2025-01-23 19:51:50
sever start time: 1737633110
查询执行时间：34.3488 seconds
查询执行时间：34.7022 seconds
查询执行时间：35.1447 seconds
查询执行时间：35.3662 seconds
查询执行时间：35.7375 seconds
查询执行时间：35.9608 seconds
查询执行时间：36.6937 seconds
查询执行时间：36.6947 seconds
查询执行时间：35.9410 seconds
查询执行时间：40.1260 seconds
查询执行时间：40.4342 seconds
查询执行时间：43.4688 seconds
查询执行时间：42.8649 seconds
查询执行时间：48.2345 seconds
查询执行时间：50.3519 seconds
查询执行时间：53.6356 seconds
查询执行时间：38.8557 seconds
查询执行时间：36.3491 seconds
查询执行时间：46.4341 seconds
查询执行时间：48.1145 seconds
查询执行时间：47.0512 seconds
查询执行时间：48.6453 seconds
查询执行时间：43.7997 seconds
查询执行时间：53.3825 seconds
查询执行时间：46.6399 seconds
查询执行时间：45.3083 seconds
查询执行时间：34.0629 seconds
查询执行时间：51.8871 seconds
查询执行时间：47.4284 seconds
查询执行时间：47.7718 seconds
查询执行时间：46.5088 seconds
查询执行时间：45.4447 seconds
查询执行时间：39.8298 seconds
查询执行时间：49.1450 seconds
查询执行时间：45.8055 seconds
查询执行时间：47.6392 seconds
查询执行时间：48.4911 seconds
查询执行时间：46.7341 seconds
查询执行时间：46.7622 seconds
查询执行时间：47.1231 seconds
查询执行时间：46.0082 seconds
查询执行时间：40.4117 seconds
查询执行时间：48.6575 seconds
查询执行时间：48.0370 seconds
查询执行时间：39.2771 seconds
查询执行时间：47.9356 seconds
查询执行时间：51.9379 seconds
查询执行时间：39.0197 seconds
查询执行时间：32.4833 seconds
查询执行时间：32.8967 seconds
成功率：1.0000
超时率：0.0000
total_queries: 50
平均查询延迟(包含查询失败)：43.3117 seconds
总QPS(包含查询失败)：0.0231 queries/second
平均等待时间(包含查询失败)：110.7456 seconds
sever end time: 1737633398
CPU使用率：64.87237936564318 %
内存使用量：1113.859375 Mb

restart system and database ....
{'host': '172.19.101.152', 'port': '22', 'user': 'zqcc', 'password': '32194878'}
{'host': '172.19.101.152', 'port': '8022', 'user': 'root', 'password': '123456'}
master result: dingodb_enhance

container result step1:
重启完毕

Process finished with exit code 0
