D:\acmis\AI_4_dingodb\learning-query-optimizer\experiment\venv\Scripts\python.exe D:\acmis\AI_4_dingodb\learning-query-optimizer\experiment\dingo\main_enhance.py
{'workload_type': 'mix', 'workload_num': 50, 'concurrency': 6, 'timeout': 180}
start execute queries, concurrency: 6 total: 50 workloads start time: 2025-01-24 01:02:50
sever start time: 1737651770
查询执行时间：25.9273 seconds
查询执行时间：25.9273 seconds
查询执行时间：25.9313 seconds
查询执行时间：25.9313 seconds
查询执行时间：25.9323 seconds
查询执行时间：30.1248 seconds
查询执行时间：33.1257 seconds
查询执行时间：29.2768 seconds
查询执行时间：34.3502 seconds
查询执行时间：38.3731 seconds
查询执行时间：38.6609 seconds
查询执行时间：39.6074 seconds
查询执行时间：35.1121 seconds
查询执行时间：36.1589 seconds
查询执行时间：37.7222 seconds
查询执行时间：35.0243 seconds
查询执行时间：36.1294 seconds
查询执行时间：36.7678 seconds
查询执行时间：33.1000 seconds
查询执行时间：31.9614 seconds
查询执行时间：33.3706 seconds
查询执行时间：40.5039 seconds
查询执行时间：38.8542 seconds
查询执行时间：43.7958 seconds
查询执行时间：32.6480 seconds
查询执行时间：49.3607 seconds
查询执行时间：54.7493 seconds
查询执行时间：49.1974 seconds
查询执行时间：45.4512 seconds
查询执行时间：51.1747 seconds
查询执行时间：41.7242 seconds
查询执行时间：25.4056 seconds
查询执行时间：26.5424 seconds
查询执行时间：28.3513 seconds
查询执行时间：26.0891 seconds
查询执行时间：26.5158 seconds
查询执行时间：27.4790 seconds
查询执行时间：27.8240 seconds
查询执行时间：27.1386 seconds
查询执行时间：27.7919 seconds
查询执行时间：28.2511 seconds
查询执行时间：29.8356 seconds
查询执行时间：34.0037 seconds
timeout
timeout
timeout
timeout
timeout
timeout
timeout
成功率：0.8600
超时率：0.1400
total_queries: 43
平均查询延迟(包含查询失败)：34.2140 seconds
总QPS(包含查询失败)：0.0292 queries/second
平均等待时间(包含查询失败)：105.5441 seconds
sever end time: 1737652364
CPU使用率：53.603703703691416 %
内存使用量：738.05859375 Mb

restart system and database ....
{'host': '172.19.101.152', 'port': '22', 'user': 'zqcc', 'password': '32194878'}
{'host': '172.19.101.152', 'port': '8022', 'user': 'root', 'password': '123456'}
master result: dingodb_enhance

container result step1:
重启完毕

Process finished with exit code 0
