D:\acmis\AI_4_dingodb\learning-query-optimizer\experiment\venv\Scripts\python.exe D:\acmis\AI_4_dingodb\learning-query-optimizer\experiment\dingo\main_enhance.py
{'workload_type': 'mix', 'workload_num': 50, 'concurrency': 8, 'timeout': 180}
start execute queries, concurrency: 8 total: 50 workloads start time: 2025-01-24 01:16:45
sever start time: 1737652605
查询执行时间：34.9841 seconds
查询执行时间：36.1698 seconds
查询执行时间：37.6626 seconds
查询执行时间：37.7495 seconds
查询执行时间：37.8482 seconds
查询执行时间：38.1397 seconds
查询执行时间：38.3582 seconds
查询执行时间：39.1559 seconds
查询执行时间：37.3768 seconds
查询执行时间：59.0004 seconds
查询执行时间：56.2798 seconds
查询执行时间：59.6805 seconds
查询执行时间：61.8753 seconds
查询执行时间：60.4300 seconds
查询执行时间：62.3712 seconds
查询执行时间：64.2741 seconds
查询执行时间：49.9403 seconds
查询执行时间：34.0295 seconds
查询执行时间：34.4757 seconds
查询执行时间：34.2829 seconds
查询执行时间：36.0962 seconds
查询执行时间：38.8146 seconds
查询执行时间：35.7884 seconds
查询执行时间：34.7466 seconds
查询执行时间：39.3565 seconds
查询执行时间：40.7916 seconds
查询执行时间：40.6218 seconds
查询执行时间：41.4106 seconds
查询执行时间：41.5640 seconds
查询执行时间：31.4066 seconds
查询执行时间：18.4280 seconds
timeout
timeout
timeout
timeout
timeout
timeout
timeout
timeout
timeout
timeout
timeout
timeout
timeout
timeout
timeout
timeout
timeout
timeout
timeout
成功率：0.6200
超时率：0.3800
total_queries: 31
平均查询延迟(包含查询失败)：42.3584 seconds
总QPS(包含查询失败)：0.0236 queries/second
平均等待时间(包含查询失败)：68.2800 seconds
sever end time: 1737653282
CPU使用率：51.630555555527295 %
内存使用量：1054.32421875 Mb

restart system and database ....
{'host': '172.19.101.152', 'port': '22', 'user': 'zqcc', 'password': '32194878'}
{'host': '172.19.101.152', 'port': '8022', 'user': 'root', 'password': '123456'}
master result: dingodb_enhance

container result step1:
