D:\acmis\AI_4_dingodb\learning-query-optimizer\experiment\venv\Scripts\python.exe D:\acmis\AI_4_dingodb\learning-query-optimizer\experiment\dingo\main.py
{'workload_type': 'long', 'workload_num': 50, 'concurrency': 4, 'timeout': 180}
start execute queries, concurrency: 4 total: 50 workloads start time: 2025-01-24 21:49:01
sever start time: 1737726541
查询执行时间：77.1945 seconds
查询执行时间：77.1955 seconds
查询执行时间：79.3601 seconds
查询执行时间：117.7141 seconds
查询执行时间：86.1565 seconds
timeout
timeout
timeout
查询执行时间：79.6592 seconds
查询执行时间：84.5435 seconds
查询执行时间：85.2304 seconds
查询执行时间：108.3962 seconds
查询执行时间：82.9486 seconds
查询执行时间：101.1108 seconds
timeout
查询执行时间：84.6908 seconds
timeout
查询执行时间：85.9960 seconds
timeout
查询执行时间：83.4305 seconds
查询执行时间：84.1293 seconds
timeout
timeout
查询执行时间：104.2596 seconds
查询执行时间：86.2040 seconds
查询执行时间：87.2067 seconds
查询执行时间：106.7018 seconds
查询执行时间：93.2347 seconds
查询执行时间：89.4945 seconds
timeout
查询执行时间：82.2842 seconds
查询执行时间：83.0743 seconds
查询执行时间：85.3894 seconds
timeout
查询执行时间：86.5211 seconds
查询执行时间：86.3757 seconds
查询执行时间：107.3026 seconds
查询执行时间：103.0429 seconds
查询执行时间：95.6815 seconds
查询执行时间：94.1352 seconds
查询执行时间：81.4336 seconds
timeout
查询执行时间：82.5973 seconds
timeout
timeout
timeout
timeout
查询执行时间：82.1463 seconds
查询执行时间：78.7545 seconds
查询执行时间：97.3199 seconds
成功率：0.7000
超时率：0.3000
total_queries: 35
平均查询延迟：89.4547 seconds
QPS：0.0112 queries/second
平均等待时间：667.6734 seconds
sever end time: 1737728019
CPU使用率：42.93333333333268 %
内存使用量：1957.42578125 Mb

restart system and database ....
{'host': '172.19.101.152', 'port': '22', 'user': 'zqcc', 'password': '32194878'}
{'host': '172.19.101.152', 'port': '9022', 'user': 'root', 'password': '123456'}
master result: dingodb_native

container result step1:
重启完毕

Process finished with exit code 0
