D:\acmis\AI_4_dingodb\learning-query-optimizer\experiment\venv\Scripts\python.exe D:\acmis\AI_4_dingodb\learning-query-optimizer\experiment\dingo\main.py
{'workload_type': 'middle', 'workload_num': 50, 'concurrency': 8, 'timeout': 180}
start execute queries, concurrency: 8 total: 50 workloads start time: 2025-01-24 18:56:48
sever start time: 1737716208
查询执行时间：111.9073 seconds
查询执行时间：119.5704 seconds
查询执行时间：122.5480 seconds
查询执行时间：128.0450 seconds
查询执行时间：128.4363 seconds
查询执行时间：136.4221 seconds
timeout
timeout
查询执行时间：121.0523 seconds
查询执行时间：133.7169 seconds
查询执行时间：121.1363 seconds
timeout
timeout
timeout
timeout
timeout
timeout
timeout
timeout
timeout
timeout
timeout
timeout
timeout
timeout
timeout
timeout
timeout
timeout
timeout
timeout
timeout
timeout
timeout
timeout
timeout
timeout
timeout
timeout
timeout
timeout
timeout
timeout
timeout
timeout
timeout
timeout
timeout
timeout
timeout
成功率：0.1800
超时率：0.8200
total_queries: 9
平均查询延迟：124.7594 seconds
QPS：0.0080 queries/second
平均等待时间：42.0619 seconds
sever end time: 1737717364
CPU使用率：66.92407407407127 %
内存使用量：698.42578125 Mb

restart system and database ....
{'host': '172.19.101.152', 'port': '22', 'user': 'zqcc', 'password': '32194878'}
{'host': '172.19.101.152', 'port': '9022', 'user': 'root', 'password': '123456'}
master result: dingodb_native

container result step1:
重启完毕

Process finished with exit code 0
