D:\acmis\AI_4_dingodb\learning-query-optimizer\experiment\venv\Scripts\python.exe D:\acmis\AI_4_dingodb\learning-query-optimizer\experiment\dingo\main.py
{'workload_type': 'short', 'workload_num': 50, 'concurrency': 8, 'timeout': 180}
start execute queries, concurrency: 8 total: 50 workloads start time: 2025-01-24 15:19:10
sever start time: 1737703150
查询执行时间：139.6890 seconds
查询执行时间：141.4372 seconds
查询执行时间：143.6941 seconds
查询执行时间：145.2765 seconds
查询执行时间：146.9833 seconds
查询执行时间：150.7818 seconds
查询执行时间：151.5828 seconds
timeout
timeout
timeout
timeout
timeout
timeout
timeout
timeout
timeout
timeout
timeout
timeout
timeout
timeout
timeout
timeout
timeout
timeout
timeout
timeout
timeout
timeout
timeout
timeout
timeout
timeout
timeout
timeout
timeout
timeout
timeout
timeout
timeout
timeout
timeout
timeout
timeout
timeout
timeout
timeout
timeout
timeout
timeout
成功率：0.1400
超时率：0.8600
total_queries: 7
平均查询延迟：145.6350 seconds
QPS：0.0069 queries/second
平均等待时间：0.0010 seconds
sever end time: 1737704372
CPU使用率：62.925925925923785 %
内存使用量：2090.12890625 Mb

restart system and database ....
{'host': '172.19.101.152', 'port': '22', 'user': 'zqcc', 'password': '32194878'}
{'host': '172.19.101.152', 'port': '9022', 'user': 'root', 'password': '123456'}
master result: dingodb_native

container result step1:
重启完毕

Process finished with exit code 0
