D:\acmis\AI_4_dingodb\learning-query-optimizer\experiment\venv\Scripts\python.exe D:\acmis\AI_4_dingodb\learning-query-optimizer\experiment\dingo\main.py
{'workload_type': 'short', 'workload_num': 50, 'concurrency': 4, 'timeout': 180}
start execute queries, concurrency: 4 total: 50 workloads start time: 2025-01-24 14:21:54
sever start time: 1737699714
查询执行时间：81.1945 seconds
查询执行时间：82.1458 seconds
查询执行时间：85.9801 seconds
查询执行时间：88.1619 seconds
查询执行时间：88.3849 seconds
查询执行时间：94.2970 seconds
查询执行时间：93.4896 seconds
查询执行时间：94.1265 seconds
查询执行时间：90.8223 seconds
查询执行时间：88.0024 seconds
查询执行时间：91.1780 seconds
查询执行时间：96.2301 seconds
查询执行时间：93.0803 seconds
查询执行时间：95.2213 seconds
查询执行时间：95.8691 seconds
查询执行时间：97.1562 seconds
timeout
timeout
timeout
timeout
timeout
timeout
timeout
timeout
timeout
timeout
timeout
timeout
timeout
timeout
timeout
timeout
timeout
timeout
timeout
timeout
timeout
timeout
timeout
timeout
timeout
timeout
timeout
timeout
timeout
timeout
timeout
timeout
timeout
timeout
成功率：0.3200
超时率：0.6800
total_queries: 16
平均查询延迟(包含查询失败)：90.9588 seconds
总QPS(包含查询失败)：0.0110 queries/second
平均等待时间(包含查询失败)：132.4564 seconds
sever end time: 1737701691
CPU使用率：40.25185185182232 %
内存使用量：1548.748046875 Mb

restart system and database ....
{'host': '172.19.101.152', 'port': '22', 'user': 'zqcc', 'password': '32194878'}
{'host': '172.19.101.152', 'port': '9022', 'user': 'root', 'password': '123456'}
