D:\acmis\AI_4_dingodb\learning-query-optimizer\experiment\venv\Scripts\python.exe D:\acmis\AI_4_dingodb\learning-query-optimizer\experiment\dingo\main.py
{'workload_type': 'mix', 'workload_num': 50, 'concurrency': 4, 'timeout': 180}
start execute queries, concurrency: 4 total: 50 workloads start time: 2025-01-25 13:01:40
sever start time: 1737781300
查询执行时间：78.9274 seconds
查询执行时间：81.3316 seconds
查询执行时间：83.3583 seconds
查询执行时间：83.3583 seconds
查询执行时间：83.3986 seconds
查询执行时间：88.5544 seconds
查询执行时间：91.9503 seconds
查询执行时间：131.7122 seconds
查询执行时间：86.3466 seconds
查询执行时间：85.4870 seconds
查询执行时间：88.6380 seconds
查询执行时间：112.5986 seconds
查询执行时间：81.9856 seconds
查询执行时间：86.3730 seconds
查询执行时间：109.5336 seconds
查询执行时间：82.3511 seconds
查询执行时间：83.3482 seconds
查询执行时间：107.9182 seconds
查询执行时间：88.2139 seconds
查询执行时间：88.3642 seconds
查询执行时间：86.6170 seconds
timeout
timeout
timeout
timeout
timeout
timeout
timeout
timeout
timeout
timeout
timeout
timeout
timeout
timeout
timeout
timeout
timeout
timeout
timeout
timeout
timeout
timeout
timeout
timeout
timeout
timeout
timeout
timeout
timeout
成功率：0.4200
超时率：0.5800
total_queries: 21
平均查询延迟：90.9698 seconds
QPS：0.0110 queries/second
平均等待时间：195.8592 seconds
sever end time: 1737783103
CPU使用率：41.86203703703573 %
内存使用量：641.890625 Mb

restart system and database ....
{'host': '172.19.101.152', 'port': '22', 'user': 'zqcc', 'password': '32194878'}
{'host': '172.19.101.152', 'port': '9022', 'user': 'root', 'password': '123456'}
master result: dingodb_native

container result step1:
