D:\acmis\AI_4_dingodb\learning-query-optimizer\experiment\venv\Scripts\python.exe D:\acmis\AI_4_dingodb\learning-query-optimizer\experiment\dingo\main.py
{'workload_type': 'short', 'workload_num': 50, 'concurrency': 2, 'timeout': 180}
start execute queries, concurrency: 2 total: 50 workloads start time: 2025-01-24 13:36:25
sever start time: 1737696985
查询执行时间：63.2884 seconds
查询执行时间：64.6498 seconds
查询执行时间：66.0670 seconds
查询执行时间：70.2488 seconds
查询执行时间：67.8592 seconds
查询执行时间：66.5334 seconds
查询执行时间：67.1501 seconds
查询执行时间：70.2920 seconds
查询执行时间：68.5755 seconds
查询执行时间：69.2648 seconds
查询执行时间：68.5400 seconds
查询执行时间：67.8656 seconds
查询执行时间：69.3327 seconds
查询执行时间：66.4574 seconds
查询执行时间：66.6324 seconds
查询执行时间：66.7966 seconds
查询执行时间：69.9126 seconds
查询执行时间：67.9866 seconds
查询执行时间：66.5347 seconds
查询执行时间：87.5705 seconds
查询执行时间：65.1336 seconds
查询执行时间：66.0277 seconds
查询执行时间：68.7388 seconds
查询执行时间：68.3165 seconds
查询执行时间：66.7334 seconds
查询执行时间：69.7735 seconds
查询执行时间：68.7688 seconds
查询执行时间：67.6749 seconds
查询执行时间：67.6822 seconds
查询执行时间：68.4503 seconds
查询执行时间：69.1819 seconds
查询执行时间：66.7216 seconds
查询执行时间：66.6236 seconds
查询执行时间：68.1378 seconds
查询执行时间：68.2360 seconds
查询执行时间：72.2535 seconds
查询执行时间：161.1726 seconds
查询执行时间：148.7646 seconds
查询执行时间：65.3658 seconds
查询执行时间：68.3617 seconds
查询执行时间：68.2561 seconds
查询执行时间：0.4223 seconds
查询执行时间：68.7732 seconds
查询执行时间：67.3788 seconds
查询执行时间：67.1865 seconds
查询执行时间：68.2511 seconds
查询执行时间：69.5408 seconds
查询执行时间：70.1901 seconds
查询执行时间：0.7713 seconds
查询执行时间：66.5047 seconds
成功率：1.0000
超时率：0.0000
total_queries: 50
平均查询延迟(包含查询失败)：69.0190 seconds
总QPS(包含查询失败)：0.0145 queries/second
平均等待时间(包含查询失败)：834.0078 seconds
sever end time: 1737698720
CPU使用率：20.39814814816326 %
内存使用量：2432.845703125 Mb

restart system and database ....
{'host': '172.19.101.152', 'port': '22', 'user': 'zqcc', 'password': '32194878'}
{'host': '172.19.101.152', 'port': '9022', 'user': 'root', 'password': '123456'}
master result: dingodb_native

container result step1:
