D:\acmis\AI_4_dingodb\learning-query-optimizer\experiment\venv\Scripts\python.exe D:\acmis\AI_4_dingodb\learning-query-optimizer\experiment\dingo\main.py
{'workload_type': 'mix', 'workload_num': 50, 'concurrency': 2, 'timeout': 180}
start execute queries, concurrency: 2 total: 50 workloads start time: 2025-01-25 10:41:59
sever start time: 1737772919
查询执行时间：62.6816 seconds
查询执行时间：65.5922 seconds
查询执行时间：68.5515 seconds
查询执行时间：66.7363 seconds
查询执行时间：65.8305 seconds
查询执行时间：70.8884 seconds
查询执行时间：63.8868 seconds
查询执行时间：83.9076 seconds
查询执行时间：67.0930 seconds
查询执行时间：66.2506 seconds
查询执行时间：67.7679 seconds
查询执行时间：75.9730 seconds
查询执行时间：75.0253 seconds
查询执行时间：62.8220 seconds
查询执行时间：65.9709 seconds
查询执行时间：76.8133 seconds
查询执行时间：65.2480 seconds
查询执行时间：66.9952 seconds
查询执行时间：67.1543 seconds
查询执行时间：68.8936 seconds
查询执行时间：172.2096 seconds
查询执行时间：67.9093 seconds
查询执行时间：66.6891 seconds
查询执行时间：64.8702 seconds
查询执行时间：77.2956 seconds
查询执行时间：65.6143 seconds
查询执行时间：66.8790 seconds
查询执行时间：65.9015 seconds
查询执行时间：65.1851 seconds
查询执行时间：155.9248 seconds
查询执行时间：73.9653 seconds
查询执行时间：63.4317 seconds
查询执行时间：65.7072 seconds
查询执行时间：68.7050 seconds
查询执行时间：145.2677 seconds
查询执行时间：143.1748 seconds
查询执行时间：142.7307 seconds
查询执行时间：142.0317 seconds
查询执行时间：146.7534 seconds
查询执行时间：152.3141 seconds
查询执行时间：65.6828 seconds
查询执行时间：77.0911 seconds
查询执行时间：63.3579 seconds
查询执行时间：150.6940 seconds
查询执行时间：64.4013 seconds
查询执行时间：64.4369 seconds
查询执行时间：75.8057 seconds
查询执行时间：65.3918 seconds
查询执行时间：65.5241 seconds
查询执行时间：59.5893 seconds
成功率：1.0000
超时率：0.0000
total_queries: 50
平均查询延迟：82.7723 seconds
QPS：0.0121 queries/second
平均等待时间：929.6215 seconds
sever end time: 1737775015
CPU使用率：35.433804351867515 %
内存使用量：1756.57421875 Mb

restart system and database ....
{'host': '172.19.101.152', 'port': '22', 'user': 'zqcc', 'password': '32194878'}
{'host': '172.19.101.152', 'port': '9022', 'user': 'root', 'password': '123456'}
master result: dingodb_native

container result step1:
重启完毕

Process finished with exit code 0
