D:\acmis\AI_4_dingodb\learning-query-optimizer\experiment\venv\Scripts\python.exe D:\acmis\AI_4_dingodb\learning-query-optimizer\experiment\dingo\main.py
{'workload_type': 'short', 'workload_num': 50, 'concurrency': 1, 'timeout': 180}
start execute queries, concurrency: 1 total: 50 workloads start time: 2025-01-24 12:46:44
sever start time: 1737694004
查询执行时间：57.9937 seconds
查询执行时间：57.0576 seconds
查询执行时间：57.2113 seconds
查询执行时间：57.3783 seconds
查询执行时间：57.5724 seconds
查询执行时间：57.4222 seconds
查询执行时间：57.3418 seconds
查询执行时间：57.1350 seconds
查询执行时间：57.4079 seconds
查询执行时间：57.5390 seconds
查询执行时间：57.4337 seconds
查询执行时间：57.1189 seconds
查询执行时间：57.3036 seconds
查询执行时间：57.4151 seconds
查询执行时间：57.2800 seconds
查询执行时间：57.5795 seconds
查询执行时间：57.3338 seconds
查询执行时间：57.5062 seconds
查询执行时间：57.2519 seconds
查询执行时间：66.9991 seconds
查询执行时间：56.3081 seconds
查询执行时间：57.6250 seconds
查询执行时间：57.2610 seconds
查询执行时间：57.5700 seconds
查询执行时间：57.2195 seconds
查询执行时间：57.4816 seconds
查询执行时间：57.3131 seconds
查询执行时间：57.4788 seconds
查询执行时间：56.9702 seconds
查询执行时间：57.7893 seconds
查询执行时间：57.2457 seconds
查询执行时间：57.2304 seconds
查询执行时间：57.1472 seconds
查询执行时间：57.5349 seconds
查询执行时间：57.1692 seconds
查询执行时间：57.7775 seconds
查询执行时间：142.3533 seconds
查询执行时间：134.5232 seconds
查询执行时间：56.8827 seconds
查询执行时间：57.8251 seconds
查询执行时间：57.1784 seconds
查询执行时间：57.0655 seconds
查询执行时间：0.6115 seconds
查询执行时间：57.3477 seconds
查询执行时间：57.1492 seconds
查询执行时间：57.2588 seconds
查询执行时间：57.2385 seconds
查询执行时间：57.3249 seconds
查询执行时间：57.3263 seconds
查询执行时间：0.7172 seconds
成功率：1.0000
超时率：0.0000
total_queries: 50
平均查询延迟(包含查询失败)：58.5041 seconds
总QPS(包含查询失败)：0.0171 queries/second
平均等待时间(包含查询失败)：1443.6255 seconds
sever end time: 1737696930
CPU使用率：43.2269760185056 %
内存使用量：2365.859375 Mb

restart system and database ....
{'host': '172.19.101.152', 'port': '22', 'user': 'zqcc', 'password': '32194878'}
{'host': '172.19.101.152', 'port': '9022', 'user': 'root', 'password': '123456'}
master result: dingodb_native

container result step1:
