D:\acmis\AI_4_dingodb\learning-query-optimizer\experiment\venv\Scripts\python.exe D:\acmis\AI_4_dingodb\learning-query-optimizer\experiment\dingo\main.py
{'workload_type': 'long', 'workload_num': 50, 'concurrency': 10, 'timeout': 180}
start execute queries, concurrency: 10 total: 50 workloads start time: 2025-01-24 23:09:46
sever start time: 1737731386
查询执行时间：125.5289 seconds
查询执行时间：129.9932 seconds
查询执行时间：131.5049 seconds
查询执行时间：139.0843 seconds
timeout
timeout
timeout
timeout
timeout
timeout
查询执行时间：165.7212 seconds
查询执行时间：164.5355 seconds
查询执行时间：164.0293 seconds
timeout
查询执行时间：177.9343 seconds
查询执行时间：178.2253 seconds
timeout
timeout
timeout
timeout
查询执行时间：177.7603 seconds
timeout
查询执行时间：176.4745 seconds
timeout
查询执行时间：174.4934 seconds
timeout
timeout
timeout
timeout
timeout
timeout
timeout
timeout
timeout
timeout
timeout
timeout
timeout
timeout
timeout
timeout
timeout
timeout
timeout
timeout
timeout
timeout
timeout
timeout
timeout
成功率：0.2400
超时率：0.7600
total_queries: 12
平均查询延迟：158.7737 seconds
QPS：0.0063 queries/second
平均等待时间：142.2706 seconds
sever end time: 1737732286
CPU使用率：85.2787037036938 %
内存使用量：1516.587890625 Mb

restart system and database ....
{'host': '172.19.101.152', 'port': '22', 'user': 'zqcc', 'password': '32194878'}
{'host': '172.19.101.152', 'port': '9022', 'user': 'root', 'password': '123456'}
master result: dingodb_native

container result step1:
重启完毕

Process finished with exit code 0
