D:\acmis\AI_4_dingodb\learning-query-optimizer\experiment\venv\Scripts\python.exe D:\acmis\AI_4_dingodb\learning-query-optimizer\experiment\dingo\main.py
{'workload_type': 'long', 'workload_num': 50, 'concurrency': 2, 'timeout': 180}
start execute queries, concurrency: 2 total: 50 workloads start time: 2025-01-24 21:07:34
sever start time: 1737724054
查询执行时间：60.9655 seconds
查询执行时间：81.6860 seconds
查询执行时间：64.8550 seconds
查询执行时间：67.5157 seconds
查询执行时间：146.7820 seconds
查询执行时间：143.8618 seconds
查询执行时间：69.3053 seconds
查询执行时间：145.2468 seconds
查询执行时间：63.5987 seconds
查询执行时间：64.6992 seconds
查询执行时间：76.6884 seconds
查询执行时间：65.9114 seconds
查询执行时间：67.6182 seconds
查询执行时间：165.6158 seconds
查询执行时间：74.4768 seconds
查询执行时间：143.6206 seconds
查询执行时间：144.3742 seconds
查询执行时间：63.4582 seconds
查询执行时间：65.4866 seconds
查询执行时间：65.0464 seconds
查询执行时间：153.7944 seconds
查询执行时间：65.6917 seconds
查询执行时间：160.3677 seconds
查询执行时间：73.4590 seconds
查询执行时间：63.6803 seconds
查询执行时间：66.0798 seconds
查询执行时间：75.1440 seconds
查询执行时间：69.7985 seconds
查询执行时间：143.6446 seconds
查询执行时间：70.1129 seconds
查询执行时间：63.4028 seconds
查询执行时间：154.8062 seconds
查询执行时间：65.1388 seconds
查询执行时间：66.2006 seconds
查询执行时间：68.3083 seconds
查询执行时间：65.9602 seconds
查询执行时间：77.2154 seconds
查询执行时间：73.0432 seconds
查询执行时间：72.3749 seconds
查询执行时间：154.5624 seconds
查询执行时间：72.6848 seconds
查询执行时间：63.1843 seconds
查询执行时间：65.3544 seconds
查询执行时间：150.1699 seconds
查询执行时间：154.1017 seconds
查询执行时间：146.2104 seconds
查询执行时间：151.4343 seconds
查询执行时间：72.8324 seconds
查询执行时间：62.5497 seconds
查询执行时间：62.7411 seconds
成功率：1.0000
超时率：0.0000
total_queries: 50
平均查询延迟：92.8972 seconds
QPS：0.0108 queries/second
平均等待时间：1107.6639 seconds
sever end time: 1737726390
CPU使用率：39.77783888889071 %
内存使用量：2351.609375 Mb

restart system and database ....
{'host': '172.19.101.152', 'port': '22', 'user': 'zqcc', 'password': '32194878'}
{'host': '172.19.101.152', 'port': '9022', 'user': 'root', 'password': '123456'}
