D:\acmis\AI_4_dingodb\learning-query-optimizer\experiment\venv\Scripts\python.exe D:\acmis\AI_4_dingodb\learning-query-optimizer\experiment\dingo\main.py
{'workload_type': 'mix', 'workload_num': 50, 'concurrency': 8, 'timeout': 180}
start execute queries, concurrency: 8 total: 50 workloads start time: 2025-02-16 19:00:37
sever start time: 1739703637
查询执行时间：133.6009 seconds
查询执行时间：137.7625 seconds
查询执行时间：138.8929 seconds
查询执行时间：0.4807 seconds
查询执行时间：0.0991 seconds
查询执行时间：143.3403 seconds
查询执行时间：143.3475 seconds
查询执行时间：0.2286 seconds
查询执行时间：145.7612 seconds
查询执行时间：146.0926 seconds
timeout
timeout
timeout
timeout
timeout
timeout
timeout
timeout
