D:\acmis\AI_4_dingodb\learning-query-optimizer\experiment\venv\Scripts\python.exe D:\acmis\AI_4_dingodb\learning-query-optimizer\experiment\dingo\main.py
{'workload_type': 'mix', 'workload_num': 50, 'concurrency': 10, 'timeout': 180}
start execute queries, concurrency: 10 total: 50 workloads start time: 2025-02-15 21:46:53
sever start time: 1739627213
查询执行时间：165.3814 seconds
查询执行时间：1.4838 seconds
查询执行时间：0.1434 seconds
查询执行时间：173.7926 seconds
查询执行时间：173.9417 seconds
查询执行时间：1.0785 seconds
查询执行时间：176.6066 seconds
查询执行时间：178.1818 seconds
查询执行时间：178.5076 seconds
timeout
timeout
timeout
timeout
timeout
timeout
timeout
