D:\acmis\AI_4_dingodb\learning-query-optimizer\experiment\venv\Scripts\python.exe D:\acmis\AI_4_dingodb\learning-query-optimizer\experiment\dingo\main.py
{'workload_type': 'mix', 'workload_num': 50, 'concurrency': 8, 'timeout': 180}
start execute queries, concurrency: 8 total: 50 workloads start time: 2025-02-16 15:04:02
sever start time: 1739689442
查询执行时间：129.5018 seconds
查询执行时间：132.1157 seconds
查询执行时间：133.6394 seconds
查询执行时间：0.4813 seconds
查询执行时间：0.1256 seconds
查询执行时间：137.1656 seconds
查询执行时间：143.5986 seconds
查询执行时间：0.0810 seconds
timeout
timeout
timeout
timeout
timeout
timeout
timeout
timeout
