D:\acmis\AI_4_dingodb\learning-query-optimizer\experiment\venv\Scripts\python.exe D:\acmis\AI_4_dingodb\learning-query-optimizer\experiment\dingo\main.py
{'workload_type': 'mix', 'workload_num': 50, 'concurrency': 8, 'timeout': 180}
start execute queries, concurrency: 8 total: 50 workloads start time: 2025-02-15 21:18:14
sever start time: 1739625494
查询执行时间：132.2959 seconds
查询执行时间：134.3430 seconds
查询执行时间：136.3318 seconds
查询执行时间：0.4103 seconds
查询执行时间：0.1047 seconds
查询执行时间：140.6568 seconds
查询执行时间：142.7447 seconds
查询执行时间：0.2248 seconds
查询执行时间：145.4396 seconds
查询执行时间：146.8080 seconds
timeout
timeout
timeout
timeout
timeout
timeout
timeout
timeout
timeout
