D:\acmis\AI_4_dingodb\learning-query-optimizer\experiment\venv\Scripts\python.exe D:\acmis\AI_4_dingodb\learning-query-optimizer\experiment\dingo\main.py
{'workload_type': 'mix', 'workload_num': 50, 'concurrency': 6, 'timeout': 180}
start execute queries, concurrency: 6 total: 50 workloads start time: 2025-02-16 14:44:43
sever start time: 1739688283
查询执行时间：100.9131 seconds
查询执行时间：100.9151 seconds
查询执行时间：102.4722 seconds
查询执行时间：105.4232 seconds
查询执行时间：108.4059 seconds
查询执行时间：1.2579 seconds
查询执行时间：109.8736 seconds
查询执行时间：1.0270 seconds
查询执行时间：116.8330 seconds
查询执行时间：0.1378 seconds
查询执行时间：116.4644 seconds
查询执行时间：122.0861 seconds
查询执行时间：122.8988 seconds
timeout
timeout
timeout
timeout
timeout
timeout
timeout
timeout
timeout
timeout
timeout
timeout
timeout
timeout
