D:\acmis\AI_4_dingodb\learning-query-optimizer\experiment\venv\Scripts\python.exe D:\acmis\AI_4_dingodb\learning-query-optimizer\experiment\dingo\main.py
{'workload_type': 'mix', 'workload_num': 50, 'concurrency': 6, 'timeout': 180}
start execute queries, concurrency: 6 total: 50 workloads start time: 2025-02-15 20:58:29
sever start time: 1739624309
查询执行时间：102.3493 seconds
查询执行时间：105.0264 seconds
查询执行时间：105.8428 seconds
查询执行时间：108.3484 seconds
查询执行时间：108.4306 seconds
查询执行时间：0.3422 seconds
查询执行时间：0.1299 seconds
查询执行时间：111.8468 seconds
查询执行时间：87.5544 seconds
查询执行时间：0.1215 seconds
timeout
timeout
timeout
timeout
timeout
timeout
timeout
timeout
timeout
timeout
timeout
timeout
timeout
timeout
timeout
timeout
timeout
timeout
timeout
timeout
timeout
timeout
timeout
timeout
timeout
timeout
timeout
timeout
timeout
