D:\acmis\AI_4_dingodb\learning-query-optimizer\experiment\venv\Scripts\python.exe D:\acmis\AI_4_dingodb\learning-query-optimizer\experiment\dingo\main_enhance.py
{'workload_type': 'mix', 'workload_num': 50, 'concurrency': 1, 'timeout': 180}
start execute queries, concurrency: 1 total: 50 workloads start time: 2025-01-30 20:01:39
sever start time: 1738238499
查询执行时间：19.4053 seconds
查询执行时间：18.7190 seconds
查询执行时间：19.2475 seconds
查询执行时间：18.7343 seconds
查询执行时间：18.6770 seconds
查询执行时间：18.8283 seconds
查询执行时间：38.1625 seconds
查询执行时间：18.7986 seconds
查询执行时间：18.8579 seconds
查询执行时间：18.9807 seconds
查询执行时间：18.8457 seconds
查询执行时间：18.8146 seconds
查询执行时间：19.2149 seconds
查询执行时间：18.6071 seconds
查询执行时间：18.9134 seconds
查询执行时间：18.9767 seconds
查询执行时间：18.8587 seconds
查询执行时间：18.7876 seconds
查询执行时间：18.8862 seconds
查询执行时间：18.6680 seconds
查询执行时间：18.8624 seconds
查询执行时间：18.9537 seconds
查询执行时间：18.9129 seconds
查询执行时间：37.9677 seconds
查询执行时间：18.8441 seconds
查询执行时间：18.7080 seconds
查询执行时间：18.7109 seconds
查询执行时间：18.9356 seconds
查询执行时间：18.6640 seconds
查询执行时间：19.0124 seconds
查询执行时间：19.0652 seconds
查询执行时间：18.5658 seconds
查询执行时间：18.9344 seconds
查询执行时间：18.7611 seconds
发生错误: (5001, 'io.dingodb.store.api.transaction.exception.RegionSplitException: io.dingodb.sdk.common.DingoClientException$InvalidRouteTableException: Region(80094) epoch is not match, region_epoch(1_2) req_epoch(1_1)')
查询执行时间：37.2178 seconds
查询执行时间：37.6617 seconds
查询执行时间：38.0669 seconds
查询执行时间：37.9665 seconds
查询执行时间：37.2901 seconds
查询执行时间：42.3525 seconds
查询执行时间：88.2185 seconds
查询执行时间：35.9221 seconds
查询执行时间：36.1736 seconds
查询执行时间：55.2834 seconds
查询执行时间：36.6335 seconds
timeout
timeout


metrics_成功率: 0.9
metrics_失败率: 0.1
metrics_查询执行时间平均值: 25.8371 seconds
metrics_QPS: 0.0387 
