D:\acmis\AI_4_dingodb\learning-query-optimizer\experiment\venv\Scripts\python.exe D:\acmis\AI_4_dingodb\learning-query-optimizer\experiment\dingo\main_enhance.py
{'workload_type': 'mix', 'workload_num': 50, 'concurrency': 10, 'timeout': 180}
start execute queries, concurrency: 10 total: 50 workloads start time: 2025-01-30 19:52:17
sever start time: 1738237937
查询执行时间：45.0194 seconds
查询执行时间：46.5804 seconds
查询执行时间：46.9667 seconds
查询执行时间：51.2544 seconds
查询执行时间：52.2710 seconds
查询执行时间：52.7443 seconds
查询执行时间：55.9362 seconds
查询执行时间：59.8203 seconds
查询执行时间：64.6323 seconds
查询执行时间：73.4186 seconds
查询执行时间：74.7926 seconds
查询执行时间：76.8225 seconds
查询执行时间：152.3380 seconds
查询执行时间：98.3947 seconds
查询执行时间：103.5585 seconds
查询执行时间：105.9543 seconds
查询执行时间：67.0805 seconds
查询执行时间：70.2427 seconds
查询执行时间：37.2670 seconds
查询执行时间：71.4909 seconds
查询执行时间：37.6434 seconds
查询执行时间：38.3185 seconds
timeout
timeout
timeout


metrics_成功率: 0.44
metrics_失败率: 0.56
metrics_查询执行时间平均值: 67.3885 seconds
metrics_QPS: 0.0148 
