D:\acmis\AI_4_dingodb\learning-query-optimizer\experiment\venv\Scripts\python.exe D:\acmis\AI_4_dingodb\learning-query-optimizer\experiment\dingo\main_enhance.py
{'workload_type': 'mix', 'workload_num': 50, 'concurrency': 6, 'timeout': 180}
start execute queries, concurrency: 6 total: 50 workloads start time: 2025-01-30 19:37:25
sever start time: 1738237045
查询执行时间：29.1708 seconds
查询执行时间：29.1698 seconds
查询执行时间：29.1698 seconds
查询执行时间：29.1698 seconds
查询执行时间：29.1698 seconds
查询执行时间：29.1708 seconds
查询执行时间：42.3565 seconds
查询执行时间：42.5571 seconds
查询执行时间：43.9416 seconds
查询执行时间：44.4582 seconds
查询执行时间：44.4810 seconds
查询执行时间：31.7113 seconds
查询执行时间：32.0792 seconds
查询执行时间：31.7398 seconds
查询执行时间：32.6080 seconds
查询执行时间：33.7178 seconds
查询执行时间：35.5606 seconds
查询执行时间：35.2712 seconds
timeout
timeout
timeout
timeout
timeout
timeout


metrics_成功率: 0.36
metrics_失败率: 0.64
metrics_查询执行时间平均值: 34.7502 seconds
metrics_QPS: 0.0288 
