D:\acmis\AI_4_dingodb\learning-query-optimizer\experiment\venv\Scripts\python.exe D:\acmis\AI_4_dingodb\learning-query-optimizer\experiment\dingo\main_enhance.py
{'workload_type': 'mix', 'workload_num': 50, 'concurrency': 6, 'timeout': 180}
start execute queries, concurrency: 6 total: 50 workloads start time: 2025-01-30 22:48:30
sever start time: 1738248510
查询执行时间：94.5890 seconds
查询执行时间：99.9874 seconds
查询执行时间：102.6865 seconds
查询执行时间：105.6109 seconds
查询执行时间：108.4815 seconds
查询执行时间：110.6833 seconds
查询执行时间：116.6510 seconds
查询执行时间：119.8555 seconds
查询执行时间：118.2690 seconds
查询执行时间：125.8276 seconds
timeout
timeout


metrics_成功率: 0.2
metrics_失败率: 0.8
metrics_查询执行时间平均值: 110.2642 seconds
metrics_QPS: 0.0091 
