D:\acmis\AI_4_dingodb\learning-query-optimizer\experiment\venv\Scripts\python.exe D:\acmis\AI_4_dingodb\learning-query-optimizer\experiment\dingo\main_enhance.py
{'workload_type': 'mix', 'workload_num': 50, 'concurrency': 1, 'timeout': 180}
start execute queries, concurrency: 1 total: 50 workloads start time: 2025-01-26 13:37:10
sever start time: 1737869830
查询执行时间：19.9691 seconds
查询执行时间：19.1136 seconds
查询执行时间：19.7114 seconds
查询执行时间：19.3832 seconds
查询执行时间：20.2198 seconds
查询执行时间：19.7628 seconds
查询执行时间：39.5062 seconds
查询执行时间：19.6686 seconds
查询执行时间：19.5563 seconds
查询执行时间：19.8020 seconds
查询执行时间：19.9081 seconds
查询执行时间：19.6559 seconds
查询执行时间：19.7478 seconds
查询执行时间：20.1013 seconds
查询执行时间：19.8783 seconds
查询执行时间：20.7700 seconds
查询执行时间：19.1620 seconds
查询执行时间：20.3747 seconds
查询执行时间：20.2001 seconds
查询执行时间：20.6022 seconds
查询执行时间：19.6936 seconds
查询执行时间：20.8010 seconds
查询执行时间：19.6086 seconds
查询执行时间：42.9928 seconds
查询执行时间：18.6414 seconds
查询执行时间：18.7135 seconds
查询执行时间：19.0955 seconds
timeout
timeout


metrics_成功率: 0.54
metrics_失败率: 0.46
metrics_查询执行时间平均值: 21.357 seconds
metrics_QPS: 0.0468 
