D:\acmis\AI_4_dingodb\learning-query-optimizer\experiment\venv\Scripts\python.exe D:\acmis\AI_4_dingodb\learning-query-optimizer\experiment\dingo\main_enhance.py
{'workload_type': 'mix', 'workload_num': 50, 'concurrency': 2, 'timeout': 180}
start execute queries, concurrency: 2 total: 50 workloads start time: 2025-01-30 20:57:20
sever start time: 1738241840
查询执行时间：39.5147 seconds
查询执行时间：39.5156 seconds
查询执行时间：43.3645 seconds
查询执行时间：43.3655 seconds
查询执行时间：43.3437 seconds
查询执行时间：43.3487 seconds
查询执行时间：43.6766 seconds
查询执行时间：66.7523 seconds
查询执行时间：43.6803 seconds
查询执行时间：44.0272 seconds
查询执行时间：43.8814 seconds
查询执行时间：43.9630 seconds
查询执行时间：43.7180 seconds
查询执行时间：43.3779 seconds
查询执行时间：43.6213 seconds
查询执行时间：43.7808 seconds
查询执行时间：43.3629 seconds
查询执行时间：43.7373 seconds
查询执行时间：44.1122 seconds
查询执行时间：43.8619 seconds
查询执行时间：43.9641 seconds
查询执行时间：43.6815 seconds
查询执行时间：43.3052 seconds
查询执行时间：43.6072 seconds
查询执行时间：66.2666 seconds
查询执行时间：43.8562 seconds
查询执行时间：43.6251 seconds
查询执行时间：44.0618 seconds
查询执行时间：43.7447 seconds
查询执行时间：43.3875 seconds
查询执行时间：43.4919 seconds
查询执行时间：43.9431 seconds
查询执行时间：43.6114 seconds
查询执行时间：43.9094 seconds
查询执行时间：43.8742 seconds
查询执行时间：43.5145 seconds
查询执行时间：43.5963 seconds
查询执行时间：43.6494 seconds
查询执行时间：43.4465 seconds
查询执行时间：43.5658 seconds
查询执行时间：43.8636 seconds
查询执行时间：43.2699 seconds
查询执行时间：43.4568 seconds
查询执行时间：102.9310 seconds
查询执行时间：43.4152 seconds
查询执行时间：65.1762 seconds
查询执行时间：43.3822 seconds
查询执行时间：43.6345 seconds
查询执行时间：46.4593 seconds
查询执行时间：44.6564 seconds
成功率：1.0000
超时率：0.0000
total_queries: 50
平均查询延迟：46.0871 seconds
QPS：0.0217 queries/second
平均等待时间：539.8663 seconds
sever end time: 1738242996

restart system and database ....
{'host': '172.19.101.152', 'port': '22', 'user': 'zqcc', 'password': '32194878'}
{'host': '172.19.101.152', 'port': '8022', 'user': 'root', 'password': '123456', 'cpu': 16, 'memory': '24g', 'swap': -1}
container is restart: dingodb_enhance

container resource limit: dingodb_enhance

The redundant files in the system have been deleted:
Restart completed!!!

Process finished with exit code 0


metrics_成功率: 1.0
metrics_失败率: 0.0
metrics_查询执行时间平均值: 46.0871 seconds
metrics_QPS: 0.0217 
