D:\acmis\AI_4_dingodb\learning-query-optimizer\experiment\venv\Scripts\python.exe D:\acmis\AI_4_dingodb\learning-query-optimizer\experiment\dingo\main.py
{'workload_type': 'mix', 'workload_num': 50, 'concurrency': 1, 'timeout': 180}
start execute queries, concurrency: 1 total: 50 workloads start time: 2025-02-14 11:36:32
sever start time: 1739504192
查询执行时间：61.5381 seconds
查询执行时间：68.0689 seconds
查询执行时间：63.5415 seconds
查询执行时间：58.7358 seconds
查询执行时间：68.0747 seconds
查询执行时间：66.2692 seconds
查询执行时间：64.2221 seconds
查询执行时间：62.3550 seconds
查询执行时间：65.1697 seconds
查询执行时间：61.6952 seconds
查询执行时间：0.8693 seconds
查询执行时间：0.0732 seconds
查询执行时间：68.1430 seconds
查询执行时间：65.0164 seconds
查询执行时间：0.5571 seconds
查询执行时间：67.8782 seconds
查询执行时间：67.2248 seconds
查询执行时间：161.1545 seconds
查询执行时间：64.9669 seconds
查询执行时间：60.5601 seconds
查询执行时间：61.6340 seconds
查询执行时间：63.6451 seconds
查询执行时间：1.7804 seconds
查询执行时间：61.1589 seconds
查询执行时间：67.3179 seconds
查询执行时间：61.6187 seconds
查询执行时间：0.4341 seconds
查询执行时间：61.8562 seconds
查询执行时间：62.1401 seconds
查询执行时间：65.4882 seconds
查询执行时间：56.4596 seconds
查询执行时间：56.7071 seconds
查询执行时间：0.1034 seconds
查询执行时间：0.0600 seconds
查询执行时间：0.0532 seconds
timeout
timeout
timeout
timeout
timeout
timeout
timeout
timeout
timeout
timeout
timeout
timeout
timeout
timeout
timeout
成功率：0.7000
超时率：0.3000
total_queries: 35
平均查询延迟：51.9020 seconds
QPS：0.0193 queries/second
平均等待时间：974.4541 seconds
sever end time: 1739508709

restart system and database ....
{'host': '172.19.101.152', 'port': '22', 'user': 'zqcc', 'password': '32194878'}
{'host': '172.19.101.152', 'port': '9022', 'user': 'root', 'password': '123456', 'cpu': 12, 'memory': '16g', 'swap': -1}
container is restart: dingodb_native

container resource limit: dingodb_native

The redundant files in the system have been deleted:
Restart completed!!!

Process finished with exit code 0


metrics_成功率: 0.7
metrics_失败率: 0.3
metrics_查询执行时间平均值: 51.902 seconds
metrics_QPS: 0.0193 
