D:\acmis\AI_4_dingodb\learning-query-optimizer\experiment\venv\Scripts\python.exe D:\acmis\AI_4_dingodb\learning-query-optimizer\experiment\dingo\main.py
{'workload_type': 'mix', 'workload_num': 50, 'concurrency': 4, 'timeout': 180}
start execute queries, concurrency: 4 total: 50 workloads start time: 2025-02-14 18:21:45
sever start time: 1739528505
查询执行时间：92.6096 seconds
查询执行时间：93.8536 seconds
查询执行时间：94.1721 seconds
查询执行时间：94.2635 seconds
查询执行时间：76.0476 seconds
timeout
timeout
查询执行时间：0.2090 seconds
查询执行时间：0.0433 seconds
timeout
timeout
查询执行时间：0.0673 seconds
timeout
timeout
timeout
timeout
timeout
timeout
timeout


metrics_成功率: 0.16
metrics_失败率: 0.84
metrics_查询执行时间平均值: 56.4083 seconds
metrics_QPS: 0.0177 
