D:\acmis\AI_4_dingodb\learning-query-optimizer\experiment\venv\Scripts\python.exe D:\acmis\AI_4_dingodb\learning-query-optimizer\experiment\dingo\main.py
{'workload_type': 'mix', 'workload_num': 50, 'concurrency': 6, 'timeout': 180}
start execute queries, concurrency: 6 total: 50 workloads start time: 2025-02-14 20:10:54
sever start time: 1739535054
查询执行时间：111.7315 seconds
查询执行时间：111.9422 seconds
查询执行时间：114.3875 seconds
查询执行时间：116.2686 seconds
查询执行时间：117.0877 seconds
查询执行时间：117.2766 seconds
查询执行时间：0.0992 seconds
查询执行时间：0.3944 seconds
timeout
查询执行时间：0.0829 seconds
timeout
timeout
timeout
timeout
timeout
timeout
timeout
timeout
timeout
timeout
timeout



metrics_成功率: 0.18
metrics_失败率: 0.82
metrics_查询执行时间平均值: 76.5856 seconds
metrics_QPS: 0.0131 
