D:\acmis\AI_4_dingodb\learning-query-optimizer\experiment\venv\Scripts\python.exe D:\acmis\AI_4_dingodb\learning-query-optimizer\experiment\dingo\main.py
{'workload_type': 'mix', 'workload_num': 50, 'concurrency': 10, 'timeout': 180}
start execute queries, concurrency: 10 total: 50 workloads start time: 2025-02-14 20:31:41
sever start time: 1739536302
查询执行时间：149.1337 seconds
查询执行时间：149.1337 seconds
查询执行时间：0.4231 seconds
查询执行时间：0.5722 seconds
查询执行时间：152.7685 seconds
查询执行时间：0.0970 seconds
查询执行时间：153.4991 seconds
查询执行时间：153.5001 seconds
timeout
timeout
timeout
timeout
timeout


metrics_成功率: 0.16
metrics_失败率: 0.84
metrics_查询执行时间平均值: 94.8909 seconds
metrics_QPS: 0.0105 
