D:\acmis\AI_4_dingodb\learning-query-optimizer\experiment\venv\Scripts\python.exe D:\acmis\AI_4_dingodb\learning-query-optimizer\experiment\dingo\main.py
{'workload_type': 'mix', 'workload_num': 50, 'concurrency': 2, 'timeout': 180}
start execute queries, concurrency: 2 total: 50 workloads start time: 2025-02-14 18:03:51
sever start time: 1739527431
查询执行时间：60.5017 seconds
查询执行时间：60.5017 seconds
查询执行时间：65.4838 seconds
查询执行时间：65.4848 seconds
查询执行时间：66.2908 seconds
查询执行时间：66.4673 seconds
查询执行时间：65.2901 seconds
查询执行时间：65.5389 seconds
查询执行时间：58.1540 seconds
查询执行时间：58.4836 seconds
查询执行时间：0.0865 seconds
查询执行时间：0.5624 seconds
timeout
timeout
查询执行时间：0.0648 seconds
timeout
timeout


metrics_成功率: 0.26
metrics_失败率: 0.74
metrics_查询执行时间平均值: 48.6854 seconds
metrics_QPS: 0.0205 
