D:\acmis\AI_4_dingodb\learning-query-optimizer\experiment\venv\Scripts\python.exe D:\acmis\AI_4_dingodb\learning-query-optimizer\experiment\dingo\main.py
{'workload_type': 'mix', 'workload_num': 50, 'concurrency': 8, 'timeout': 180}
start execute queries, concurrency: 8 total: 50 workloads start time: 2025-02-14 20:21:53
sever start time: 1739535713
查询执行时间：128.1028 seconds
查询执行时间：129.0956 seconds
查询执行时间：133.1528 seconds
查询执行时间：0.3443 seconds
查询执行时间：0.0629 seconds
查询执行时间：136.1092 seconds
timeout
timeout
timeout
timeout
查询执行时间：0.0883 seconds
timeout
timeout
timeout
timeout
timeout
timeout
timeout
timeout


metrics_成功率: 0.14
metrics_失败率: 0.86
metrics_查询执行时间平均值: 75.2794 seconds
metrics_QPS: 0.0133 
