D:\acmis\AI_4_dingodb\learning-query-optimizer\experiment\venv\Scripts\python.exe D:\acmis\AI_4_dingodb\learning-query-optimizer\experiment\dingo\main.py
{'workload_type': 'mix', 'workload_num': 50, 'concurrency': 1, 'timeout': 180}
start execute queries, concurrency: 1 total: 50 workloads start time: 2025-02-14 18:56:32
sever start time: 1739530592
查询执行时间：62.6019 seconds
查询执行时间：57.6293 seconds
查询执行时间：57.4299 seconds
查询执行时间：58.6159 seconds
查询执行时间：59.3306 seconds
查询执行时间：60.7325 seconds
查询执行时间：58.2626 seconds
查询执行时间：56.3899 seconds
查询执行时间：64.3829 seconds
查询执行时间：57.7193 seconds
查询执行时间：0.6851 seconds
查询执行时间：0.0773 seconds
查询执行时间：63.1490 seconds
查询执行时间：61.5612 seconds
查询执行时间：0.4923 seconds
查询执行时间：60.3879 seconds
查询执行时间：59.6548 seconds
查询执行时间：144.8889 seconds
查询执行时间：60.2513 seconds
查询执行时间：64.4962 seconds
查询执行时间：57.1547 seconds
查询执行时间：56.4658 seconds
查询执行时间：1.4211 seconds
查询执行时间：58.5142 seconds
查询执行时间：57.0885 seconds
查询执行时间：60.1068 seconds
查询执行时间：0.5389 seconds
查询执行时间：58.0764 seconds
查询执行时间：57.6684 seconds
查询执行时间：57.4812 seconds
查询执行时间：56.3701 seconds
查询执行时间：56.1576 seconds
查询执行时间：0.0982 seconds
查询执行时间：0.0663 seconds
查询执行时间：0.0488 seconds
timeout
timeout


metrics_成功率: 0.7
metrics_失败率: 0.3
metrics_查询执行时间平均值: 48.1713 seconds
metrics_QPS: 0.0208 
