D:\acmis\AI_4_dingodb\learning-query-optimizer\experiment\venv\Scripts\python.exe D:\acmis\AI_4_dingodb\learning-query-optimizer\experiment\dingo\main.py
{'workload_type': 'mix', 'workload_num': 50, 'concurrency': 8, 'timeout': 18}
start execute queries, concurrency: 8 total: 50 workloads start time: 2025-02-16 21:50:39
sever start time: 1739713839
timeout
timeout
timeout
timeout
timeout
timeout
timeout
timeout
查询执行时间：0.6835 seconds
查询执行时间：0.9152 seconds
查询执行时间：1.3122 seconds
timeout
timeout
timeout
timeout
timeout
timeout
timeout
timeout
查询执行时间：1.4716 seconds
查询执行时间：15.3294 seconds
timeout
timeout
timeout
timeout
timeout
timeout
timeout
查询执行时间：3.5307 seconds
查询执行时间：3.0245 seconds
查询执行时间：3.0205 seconds
查询执行时间：0.6099 seconds
timeout
timeout
timeout
timeout
查询执行时间：2.2647 seconds
timeout
timeout
timeout
timeout
timeout
timeout
timeout
timeout
timeout
timeout
timeout
timeout
timeout
成功率：0.2000
超时率：0.8000
total_queries: 10
平均查询延迟：3.2162 seconds
QPS：0.3109 queries/second
平均等待时间：42.0698 seconds
sever end time: 1739713945

restart system and database ....
{'host': '172.19.101.152', 'port': '22', 'user': 'zqcc', 'password': '32194878'}
{'host': '172.19.101.152', 'port': '9022', 'user': 'root', 'password': '123456', 'cpu': 24, 'memory': '32g', 'swap': -1}
container is restart: dingodb_native

container resource limit: dingodb_native

The redundant files in the system have been deleted:
Restart completed!!!

Process finished with exit code 0
