D:\acmis\AI_4_dingodb\learning-query-optimizer\experiment\venv\Scripts\python.exe D:\acmis\AI_4_dingodb\learning-query-optimizer\experiment\dingo\main.py
{'workload_type': 'mix', 'workload_num': 50, 'concurrency': 6, 'timeout': 18}
start execute queries, concurrency: 6 total: 50 workloads start time: 2025-02-16 21:46:34
sever start time: 1739713594
timeout
timeout
timeout
timeout
timeout
timeout
查询执行时间：0.3324 seconds
查询执行时间：2.0094 seconds
timeout
timeout
timeout
timeout
timeout
查询执行时间：1.0031 seconds
timeout
timeout
timeout
timeout
timeout
timeout
timeout
查询执行时间：1.9404 seconds
查询执行时间：15.0227 seconds
timeout
timeout
timeout
timeout
查询执行时间：1.2995 seconds
查询执行时间：0.6383 seconds
查询执行时间：0.8902 seconds
timeout
查询执行时间：0.6572 seconds
timeout
timeout
timeout
timeout
查询执行时间：14.9761 seconds
timeout
查询执行时间：1.1992 seconds
timeout
timeout
timeout
timeout
timeout
查询执行时间：3.4691 seconds
timeout
timeout
timeout
timeout
timeout
成功率：0.2400
超时率：0.7600
total_queries: 12
平均查询延迟：3.6198 seconds
QPS：0.2763 queries/second
平均等待时间：63.3036 seconds
sever end time: 1739713724

restart system and database ....
{'host': '172.19.101.152', 'port': '22', 'user': 'zqcc', 'password': '32194878'}
{'host': '172.19.101.152', 'port': '9022', 'user': 'root', 'password': '123456', 'cpu': 24, 'memory': '32g', 'swap': -1}
