D:\acmis\AI_4_dingodb\learning-query-optimizer\experiment\venv\Scripts\python.exe D:\acmis\AI_4_dingodb\learning-query-optimizer\experiment\dingo\main.py
{'workload_type': 'mix', 'workload_num': 50, 'concurrency': 1, 'timeout': 18}
start execute queries, concurrency: 1 total: 50 workloads start time: 2025-02-16 20:52:24
sever start time: 1739710344
timeout
timeout
timeout
timeout
timeout
timeout
timeout
timeout
timeout
timeout
查询执行时间：1.2261 seconds
查询执行时间：0.0925 seconds
timeout
timeout
查询执行时间：0.9995 seconds
timeout
timeout
timeout
timeout
timeout
timeout
timeout
查询执行时间：3.2717 seconds
timeout
timeout
timeout
查询执行时间：0.8082 seconds
timeout
timeout
timeout
timeout
timeout
timeout
timeout
timeout
timeout
timeout
timeout
timeout
timeout
timeout
timeout
timeout
timeout
timeout
timeout
timeout
timeout
timeout
timeout
成功率：0.1000
超时率：0.9000
total_queries: 5
平均查询延迟：1.2796 seconds
QPS：0.7815 queries/second
平均等待时间：265.0238 seconds
sever end time: 1739711161

restart system and database ....
{'host': '172.19.101.152', 'port': '22', 'user': 'zqcc', 'password': '32194878'}
{'host': '172.19.101.152', 'port': '9022', 'user': 'root', 'password': '123456', 'cpu': 24, 'memory': '32g', 'swap': -1}
container is restart: dingodb_native

container resource limit: dingodb_native

The redundant files in the system have been deleted:
Restart completed!!!

Process finished with exit code 0
