D:\acmis\AI_4_dingodb\learning-query-optimizer\experiment\venv\Scripts\python.exe D:\acmis\AI_4_dingodb\learning-query-optimizer\experiment\dingo\main.py
{'workload_type': 'mix', 'workload_num': 50, 'concurrency': 4, 'timeout': 18}
start execute queries, concurrency: 4 total: 50 workloads start time: 2025-02-16 21:32:08
sever start time: 1739712728
timeout
timeout
timeout
timeout
timeout
timeout
timeout
timeout
查询执行时间：0.6416 seconds
查询执行时间：0.8965 seconds
timeout
timeout
查询执行时间：0.3366 seconds
timeout
timeout
timeout
timeout
timeout
timeout
timeout
timeout
timeout
timeout
timeout
timeout
timeout
timeout
timeout
timeout
timeout
timeout
timeout
timeout
timeout
timeout
timeout
timeout
timeout
timeout
timeout
timeout
timeout
timeout
timeout
timeout
timeout
timeout
timeout
timeout
timeout
成功率：0.0600
超时率：0.9400
total_queries: 3
平均查询延迟：0.6249 seconds
QPS：1.6003 queries/second
平均等待时间：42.0372 seconds
sever end time: 1739712945

restart system and database ....
{'host': '172.19.101.152', 'port': '22', 'user': 'zqcc', 'password': '32194878'}
{'host': '172.19.101.152', 'port': '9022', 'user': 'root', 'password': '123456', 'cpu': 24, 'memory': '32g', 'swap': -1}
container is restart: dingodb_native

container resource limit: dingodb_native

The redundant files in the system have been deleted:
Restart completed!!!

Process finished with exit code 0
