D:\acmis\AI_4_dingodb\learning-query-optimizer\experiment\venv\Scripts\python.exe D:\acmis\AI_4_dingodb\learning-query-optimizer\experiment\dingo\main.py
{'workload_type': 'mix', 'workload_num': 50, 'concurrency': 10, 'timeout': 18}
start execute queries, concurrency: 10 total: 50 workloads start time: 2025-02-16 21:53:38
sever start time: 1739714018
timeout
timeout
timeout
timeout
timeout
timeout
timeout
timeout
timeout
timeout
查询执行时间：1.9861 seconds
查询执行时间：2.0658 seconds
查询执行时间：2.4431 seconds
查询执行时间：8.9557 seconds
timeout
timeout
timeout
timeout
timeout
timeout
timeout
查询执行时间：0.9919 seconds
timeout
timeout
查询执行时间：2.6289 seconds
查询执行时间：2.9760 seconds
查询执行时间：0.8859 seconds
查询执行时间：0.5496 seconds
timeout
timeout
timeout
timeout
timeout
timeout
timeout
timeout
查询执行时间：3.6532 seconds
timeout
timeout
timeout
查询执行时间：2.2894 seconds
timeout
timeout
timeout
timeout
timeout
timeout
timeout
timeout
timeout
成功率：0.2200
超时率：0.7800
total_queries: 11
平均查询延迟：2.6751 seconds
QPS：0.3738 queries/second
平均等待时间：35.2864 seconds
sever end time: 1739714096

restart system and database ....
{'host': '172.19.101.152', 'port': '22', 'user': 'zqcc', 'password': '32194878'}
{'host': '172.19.101.152', 'port': '9022', 'user': 'root', 'password': '123456', 'cpu': 24, 'memory': '32g', 'swap': -1}
container is restart: dingodb_native

container resource limit: dingodb_native

The redundant files in the system have been deleted:
Restart completed!!!

Process finished with exit code 0
