D:\acmis\AI_4_dingodb\learning-query-optimizer\experiment\venv\Scripts\python.exe D:\acmis\AI_4_dingodb\learning-query-optimizer\experiment\dingo\main.py
{'workload_type': 'mix', 'workload_num': 50, 'concurrency': 2, 'timeout': 180}
start execute queries, concurrency: 2 total: 50 workloads start time: 2025-02-15 14:33:30
sever start time: 1739601210
查询执行时间：61.3875 seconds
查询执行时间：61.5565 seconds
查询执行时间：65.7126 seconds
查询执行时间：66.9046 seconds
查询执行时间：65.8837 seconds
查询执行时间：65.5402 seconds
查询执行时间：66.4115 seconds
查询执行时间：65.7320 seconds
查询执行时间：65.9954 seconds
查询执行时间：66.4536 seconds
查询执行时间：0.4138 seconds
查询执行时间：1.0502 seconds
查询执行时间：65.7564 seconds
查询执行时间：0.4082 seconds
查询执行时间：66.7030 seconds
查询执行时间：64.6717 seconds
查询执行时间：65.3899 seconds
查询执行时间：65.1958 seconds
查询执行时间：66.6726 seconds
查询执行时间：171.4460 seconds
查询执行时间：66.1453 seconds
查询执行时间：0.3665 seconds
查询执行时间：64.3768 seconds
查询执行时间：65.9341 seconds
查询执行时间：66.2267 seconds
查询执行时间：0.3571 seconds
查询执行时间：65.6182 seconds
查询执行时间：65.7521 seconds
查询执行时间：67.5741 seconds
查询执行时间：62.5365 seconds
查询执行时间：57.1029 seconds
查询执行时间：0.0675 seconds
查询执行时间：0.0705 seconds
查询执行时间：0.0511 seconds
查询执行时间：0.0415 seconds
查询执行时间：0.0287 seconds
timeout
timeout
timeout
timeout
timeout
timeout
