D:\acmis\AI_4_dingodb\learning-query-optimizer\experiment\venv\Scripts\python.exe D:\acmis\AI_4_dingodb\learning-query-optimizer\experiment\dingo\main.py
{'workload_type': 'mix', 'workload_num': 50, 'concurrency': 6, 'timeout': 180}
start execute queries, concurrency: 6 total: 50 workloads start time: 2025-02-15 15:11:22
sever start time: 1739603482
查询执行时间：98.2835 seconds
查询执行时间：98.2865 seconds
查询执行时间：101.8345 seconds
查询执行时间：107.7082 seconds
查询执行时间：110.0355 seconds
查询执行时间：110.1458 seconds
查询执行时间：1.5136 seconds
查询执行时间：1.7562 seconds
查询执行时间：113.1413 seconds
查询执行时间：0.1680 seconds
查询执行时间：119.3663 seconds
查询执行时间：120.7146 seconds
timeout
timeout
timeout
timeout
timeout
timeout
timeout
timeout
timeout
timeout
timeout
timeout
timeout
timeout
timeout
timeout
timeout
timeout
timeout
timeout
timeout
timeout
timeout
timeout
