D:\acmis\AI_4_dingodb\learning-query-optimizer\experiment\venv\Scripts\python.exe D:\acmis\AI_4_dingodb\learning-query-optimizer\experiment\dingo\main.py
{'workload_type': 'mix', 'workload_num': 50, 'concurrency': 10, 'timeout': 180}
start execute queries, concurrency: 10 total: 50 workloads start time: 2025-02-16 15:12:13
sever start time: 1739689933
查询执行时间：158.6541 seconds
查询执行时间：1.2437 seconds
查询执行时间：160.2358 seconds
查询执行时间：0.4253 seconds
查询执行时间：166.1352 seconds
查询执行时间：166.9288 seconds
查询执行时间：0.8189 seconds
timeout
timeout
timeout
timeout
timeout
timeout
查询执行时间：0.9172 seconds
timeout
timeout
timeout
timeout
timeout
timeout
timeout
timeout
timeout
timeout
