D:\acmis\AI_4_dingodb\learning-query-optimizer\experiment\venv\Scripts\python.exe D:\acmis\AI_4_dingodb\learning-query-optimizer\experiment\dingo\main.py
{'workload_type': 'mix', 'workload_num': 50, 'concurrency': 8, 'timeout': 180}
start execute queries, concurrency: 8 total: 50 workloads start time: 2025-02-15 15:30:00
sever start time: 1739604600
查询执行时间：123.5386 seconds
查询执行时间：126.2399 seconds
查询执行时间：130.6711 seconds
查询执行时间：130.9830 seconds
查询执行时间：1.9385 seconds
查询执行时间：2.4499 seconds
查询执行时间：134.5142 seconds
查询执行时间：0.9485 seconds
查询执行时间：136.5817 seconds
查询执行时间：138.9663 seconds
查询执行时间：148.9669 seconds
timeout
timeout
timeout
timeout
timeout
timeout
timeout
timeout
timeout
timeout
timeout
timeout
timeout
timeout
timeout
timeout
