D:\acmis\AI_4_dingodb\learning-query-optimizer\experiment\venv\Scripts\python.exe D:\acmis\AI_4_dingodb\learning-query-optimizer\experiment\dingo\main.py
{'workload_type': 'mix', 'workload_num': 50, 'concurrency': 4, 'timeout': 180}
start execute queries, concurrency: 4 total: 50 workloads start time: 2025-02-15 20:40:03
sever start time: 1739623203
查询执行时间：76.9780 seconds
查询执行时间：79.8135 seconds
查询执行时间：87.9790 seconds
查询执行时间：91.1593 seconds
查询执行时间：77.6173 seconds
查询执行时间：81.7942 seconds
查询执行时间：72.8557 seconds
查询执行时间：0.2760 seconds
查询执行时间：0.0876 seconds
查询执行时间：79.6202 seconds
timeout
查询执行时间：0.0664 seconds
timeout
timeout
timeout
timeout
timeout
timeout
timeout
timeout
timeout
timeout
timeout
