D:\acmis\AI_4_dingodb\learning-query-optimizer\experiment\venv\Scripts\python.exe D:\acmis\AI_4_dingodb\learning-query-optimizer\experiment\dingo\main.py
{'workload_type': 'mix', 'workload_num': 50, 'concurrency': 1, 'timeout': 180}
start execute queries, concurrency: 1 total: 50 workloads start time: 2025-02-15 11:08:24
sever start time: 1739588904
查询执行时间：57.1750 seconds
查询执行时间：56.5963 seconds
查询执行时间：56.4006 seconds
查询执行时间：57.1622 seconds
查询执行时间：56.9088 seconds
查询执行时间：56.5684 seconds
查询执行时间：57.0794 seconds
查询执行时间：56.5631 seconds
查询执行时间：57.0218 seconds
查询执行时间：57.0795 seconds
查询执行时间：0.6574 seconds
查询执行时间：0.0820 seconds
查询执行时间：56.1595 seconds
查询执行时间：56.6086 seconds
查询执行时间：0.3375 seconds
查询执行时间：57.5925 seconds
查询执行时间：56.3294 seconds
查询执行时间：137.8564 seconds
查询执行时间：56.2270 seconds
查询执行时间：56.5800 seconds
查询执行时间：56.5738 seconds
查询执行时间：56.4893 seconds
查询执行时间：0.5039 seconds
查询执行时间：56.2312 seconds
查询执行时间：56.5680 seconds
查询执行时间：56.4434 seconds
查询执行时间：0.4252 seconds
查询执行时间：56.4180 seconds
查询执行时间：56.4272 seconds
查询执行时间：56.6025 seconds
查询执行时间：57.4046 seconds
查询执行时间：56.5829 seconds
查询执行时间：0.4747 seconds
查询执行时间：0.1491 seconds
查询执行时间：0.1807 seconds
查询执行时间：0.0431 seconds
查询执行时间：0.0311 seconds
查询执行时间：134.9903 seconds
查询执行时间：56.1290 seconds
查询执行时间：1.1201 seconds
查询执行时间：1.0931 seconds
查询执行时间：56.8000 seconds
查询执行时间：58.0840 seconds
查询执行时间：0.1324 seconds
查询执行时间：54.3045 seconds
查询执行时间：54.4753 seconds
查询执行时间：54.7568 seconds
查询执行时间：55.3729 seconds
查询执行时间：55.9750 seconds
查询执行时间：0.1532 seconds
成功率：1.0000
超时率：0.0000
total_queries: 50
平均查询延迟：43.9584 seconds
QPS：0.0227 queries/second
平均等待时间：1164.4698 seconds
sever end time: 1739591102

restart system and database ....
{'host': '172.19.101.152', 'port': '22', 'user': 'zqcc', 'password': '32194878'}
{'host': '172.19.101.152', 'port': '9022', 'user': 'root', 'password': '123456', 'cpu': 24, 'memory': '32g', 'swap': -1}
container is restart: dingodb_native

container resource limit: dingodb_native

The redundant files in the system have been deleted:
Restart completed!!!

Process finished with exit code 0
